John has missed the glacier.
Thomas has missed the glacier.
Richard has missed the glacier.
Mark has missed the glacier.
Darrell has missed the glacier.
Santiago has missed the glacier.
Larry has missed the glacier.
John has missed the glacier.
Joseph has missed the glacier.
Kevin has missed the glacier.
Raymond has missed the glacier.
Joshua has missed the glacier.
Richard has missed the glacier.
William has missed the glacier.
Darren has missed the glacier.
Todd has missed the glacier.
George has missed the glacier.
Daniel has missed the glacier.
Miguel has missed the glacier.
Vernon has missed the glacier.
Brian has missed the glacier.
Matthew sent Shawn back home.
Spencer sent Donald back home.
Charles sent Spencer back home.
Wallace sent Matthew back home.
SCOREBOARD:
Charles	DRY	1
Matthew	DRY	1
Wallace	DRY	1
Arturo	DRY	0
Arturo	DRY	0
Aubrey	DRY	0
Bruce	DRY	0
Casey	DRY	0
Charles	DRY	0
Charles	DRY	0
Christopher	DRY	0
Daniel	DRY	0
David	DRY	0
Dennis	DRY	0
Donnie	DRY	0
Edward	DRY	0
Edward	DRY	0
Everett	DRY	0
Everett	DRY	0
Gary	DRY	0
George	DRY	0
Gregory	DRY	0
Henry	DRY	0
Horace	DRY	0
Jack	DRY	0
Jack	DRY	0
Jaime	DRY	0
James	DRY	0
James	DRY	0
Jeff	DRY	0
Jeffrey	DRY	0
Jeremy	DRY	0
Jesus	DRY	0
Jimmy	DRY	0
John	DRY	0
John	DRY	0
Keith	DRY	0
Kenneth	DRY	0
Kevin	DRY	0
Lawrence	DRY	0
Luigi	DRY	0
Luther	DRY	0
Mark	DRY	0
Matthew	DRY	0
Michael	DRY	0
Noah	DRY	0
Noel	DRY	0
Paul	DRY	0
Peter	DRY	0
Randy	DRY	0
Richard	DRY	0
Robert	DRY	0
Ronald	DRY	0
Rosendo	DRY	0
Sergio	DRY	0
Timothy	DRY	0
Victor	DRY	0
Walter	DRY	0
Spencer	WET	1
Brian	WET	0
Daniel	WET	0
Darrell	WET	0
Darren	WET	0
Donald	WET	0
George	WET	0
John	WET	0
John	WET	0
Joseph	WET	0
Joshua	WET	0
Kevin	WET	0
Larry	WET	0
Mark	WET	0
Matthew	WET	0
Miguel	WET	0
Raymond	WET	0
Richard	WET	0
Richard	WET	0
Santiago	WET	0
Shawn	WET	0
Thomas	WET	0
Todd	WET	0
Vernon	WET	0
William	WET	0
Jeremy got wet because of global warming.
Wallace got wet because of global warming.
John got wet because of global warming.
James got wet because of global warming.
Edward got wet because of global warming.
Paul got wet because of global warming.
Keith got wet because of global warming.
George got wet because of global warming.
Mark got wet because of global warming.
Walter sent Victor back home.
SCOREBOARD:
Charles	DRY	1
Matthew	DRY	1
Walter	DRY	1
Arturo	DRY	0
Arturo	DRY	0
Aubrey	DRY	0
Bruce	DRY	0
Casey	DRY	0
Charles	DRY	0
Charles	DRY	0
Christopher	DRY	0
Daniel	DRY	0
David	DRY	0
Dennis	DRY	0
Donnie	DRY	0
Edward	DRY	0
Everett	DRY	0
Everett	DRY	0
Gary	DRY	0
Gregory	DRY	0
Henry	DRY	0
Horace	DRY	0
Jack	DRY	0
Jack	DRY	0
Jaime	DRY	0
James	DRY	0
Jeff	DRY	0
Jeffrey	DRY	0
Jesus	DRY	0
Jimmy	DRY	0
John	DRY	0
Kenneth	DRY	0
Kevin	DRY	0
Lawrence	DRY	0
Luigi	DRY	0
Luther	DRY	0
Matthew	DRY	0
Michael	DRY	0
Noah	DRY	0
Noel	DRY	0
Peter	DRY	0
Randy	DRY	0
Richard	DRY	0
Robert	DRY	0
Ronald	DRY	0
Rosendo	DRY	0
Sergio	DRY	0
Timothy	DRY	0
Spencer	WET	1
Wallace	WET	1
Brian	WET	0
Daniel	WET	0
Darrell	WET	0
Darren	WET	0
Donald	WET	0
Edward	WET	0
George	WET	0
George	WET	0
James	WET	0
Jeremy	WET	0
John	WET	0
John	WET	0
John	WET	0
Joseph	WET	0
Joshua	WET	0
Keith	WET	0
Kevin	WET	0
Larry	WET	0
Mark	WET	0
Mark	WET	0
Matthew	WET	0
Miguel	WET	0
Paul	WET	0
Raymond	WET	0
Richard	WET	0
Richard	WET	0
Santiago	WET	0
Shawn	WET	0
Thomas	WET	0
Todd	WET	0
Vernon	WET	0
Victor	WET	0
William	WET	0
SCOREBOARD:
Charles	DRY	1
Matthew	DRY	1
Walter	DRY	1
Arturo	DRY	0
Arturo	DRY	0
Aubrey	DRY	0
Bruce	DRY	0
Casey	DRY	0
Charles	DRY	0
Charles	DRY	0
Christopher	DRY	0
Daniel	DRY	0
David	DRY	0
Dennis	DRY	0
Donnie	DRY	0
Edward	DRY	0
Everett	DRY	0
Everett	DRY	0
Gary	DRY	0
Gregory	DRY	0
Henry	DRY	0
Horace	DRY	0
Jack	DRY	0
Jack	DRY	0
Jaime	DRY	0
James	DRY	0
Jeff	DRY	0
Jeffrey	DRY	0
Jesus	DRY	0
Jimmy	DRY	0
John	DRY	0
Kenneth	DRY	0
Kevin	DRY	0
Lawrence	DRY	0
Luigi	DRY	0
Luther	DRY	0
Matthew	DRY	0
Michael	DRY	0
Noah	DRY	0
Noel	DRY	0
Peter	DRY	0
Randy	DRY	0
Richard	DRY	0
Robert	DRY	0
Ronald	DRY	0
Rosendo	DRY	0
Sergio	DRY	0
Timothy	DRY	0
Spencer	WET	1
Wallace	WET	1
Brian	WET	0
Daniel	WET	0
Darrell	WET	0
Darren	WET	0
Donald	WET	0
Edward	WET	0
George	WET	0
George	WET	0
James	WET	0
Jeremy	WET	0
John	WET	0
John	WET	0
John	WET	0
Joseph	WET	0
Joshua	WET	0
Keith	WET	0
Kevin	WET	0
Larry	WET	0
Mark	WET	0
Mark	WET	0
Matthew	WET	0
Miguel	WET	0
Paul	WET	0
Raymond	WET	0
Richard	WET	0
Richard	WET	0
Santiago	WET	0
Shawn	WET	0
Thomas	WET	0
Todd	WET	0
Vernon	WET	0
Victor	WET	0
William	WET	0
Matthew sent Lawrence back home.
Kevin fell off the glacier.
SCOREBOARD:
Matthew	DRY	2
Charles	DRY	1
Walter	DRY	1
Arturo	DRY	0
Arturo	DRY	0
Aubrey	DRY	0
Bruce	DRY	0
Casey	DRY	0
Charles	DRY	0
Charles	DRY	0
Christopher	DRY	0
Daniel	DRY	0
David	DRY	0
Dennis	DRY	0
Donnie	DRY	0
Edward	DRY	0
Everett	DRY	0
Everett	DRY	0
Gary	DRY	0
Gregory	DRY	0
Henry	DRY	0
Horace	DRY	0
Jack	DRY	0
Jack	DRY	0
Jaime	DRY	0
James	DRY	0
Jeff	DRY	0
Jeffrey	DRY	0
Jesus	DRY	0
Jimmy	DRY	0
John	DRY	0
Kenneth	DRY	0
Luigi	DRY	0
Luther	DRY	0
Matthew	DRY	0
Michael	DRY	0
Noah	DRY	0
Noel	DRY	0
Peter	DRY	0
Randy	DRY	0
Richard	DRY	0
Robert	DRY	0
Ronald	DRY	0
Rosendo	DRY	0
Sergio	DRY	0
Timothy	DRY	0
Spencer	WET	1
Wallace	WET	1
Brian	WET	0
Daniel	WET	0
Darrell	WET	0
Darren	WET	0
Donald	WET	0
Edward	WET	0
George	WET	0
George	WET	0
James	WET	0
Jeremy	WET	0
John	WET	0
John	WET	0
John	WET	0
Joseph	WET	0
Joshua	WET	0
Keith	WET	0
Kevin	WET	0
Kevin	WET	0
Larry	WET	0
Lawrence	WET	0
Mark	WET	0
Mark	WET	0
Matthew	WET	0
Miguel	WET	0
Paul	WET	0
Raymond	WET	0
Richard	WET	0
Richard	WET	0
Santiago	WET	0
Shawn	WET	0
Thomas	WET	0
Todd	WET	0
Vernon	WET	0
Victor	WET	0
William	WET	0
Noel sent Donnie back home.
SCOREBOARD:
Matthew	DRY	2
Charles	DRY	1
Noel	DRY	1
Walter	DRY	1
Arturo	DRY	0
Arturo	DRY	0
Aubrey	DRY	0
Bruce	DRY	0
Casey	DRY	0
Charles	DRY	0
Charles	DRY	0
Christopher	DRY	0
Daniel	DRY	0
David	DRY	0
Dennis	DRY	0
Edward	DRY	0
Everett	DRY	0
Everett	DRY	0
Gary	DRY	0
Gregory	DRY	0
Henry	DRY	0
Horace	DRY	0
Jack	DRY	0
Jack	DRY	0
Jaime	DRY	0
James	DRY	0
Jeff	DRY	0
Jeffrey	DRY	0
Jesus	DRY	0
Jimmy	DRY	0
John	DRY	0
Kenneth	DRY	0
Luigi	DRY	0
Luther	DRY	0
Matthew	DRY	0
Michael	DRY	0
Noah	DRY	0
Peter	DRY	0
Randy	DRY	0
Richard	DRY	0
Robert	DRY	0
Ronald	DRY	0
Rosendo	DRY	0
Sergio	DRY	0
Timothy	DRY	0
Spencer	WET	1
Wallace	WET	1
Brian	WET	0
Daniel	WET	0
Darrell	WET	0
Darren	WET	0
Donald	WET	0
Donnie	WET	0
Edward	WET	0
George	WET	0
George	WET	0
James	WET	0
Jeremy	WET	0
John	WET	0
John	WET	0
John	WET	0
Joseph	WET	0
Joshua	WET	0
Keith	WET	0
Kevin	WET	0
Kevin	WET	0
Larry	WET	0
Lawrence	WET	0
Mark	WET	0
Mark	WET	0
Matthew	WET	0
Miguel	WET	0
Paul	WET	0
Raymond	WET	0
Richard	WET	0
Richard	WET	0
Santiago	WET	0
Shawn	WET	0
Thomas	WET	0
Todd	WET	0
Vernon	WET	0
Victor	WET	0
William	WET	0
Christopher fell off the glacier.
Everett got wet because of global warming.
Jaime got wet because of global warming.
Matthew got wet because of global warming.
Jack got wet because of global warming.
David got wet because of global warming.
Matthew got wet because of global warming.
John got wet because of global warming.
Gregory sent Charles back home.
Charles fell off the glacier.
Arturo fell off the glacier.
Aubrey sent Richard back home.
SCOREBOARD:
Aubrey	DRY	1
Gregory	DRY	1
Noel	DRY	1
Walter	DRY	1
Arturo	DRY	0
Bruce	DRY	0
Casey	DRY	0
Charles	DRY	0
Daniel	DRY	0
Dennis	DRY	0
Edward	DRY	0
Everett	DRY	0
Gary	DRY	0
Henry	DRY	0
Horace	DRY	0
Jack	DRY	0
James	DRY	0
Jeff	DRY	0
Jeffrey	DRY	0
Jesus	DRY	0
Jimmy	DRY	0
Kenneth	DRY	0
Luigi	DRY	0
Luther	DRY	0
Michael	DRY	0
Noah	DRY	0
Peter	DRY	0
Randy	DRY	0
Robert	DRY	0
Ronald	DRY	0
Rosendo	DRY	0
Sergio	DRY	0
Timothy	DRY	0
Matthew	WET	2
Charles	WET	1
Spencer	WET	1
Wallace	WET	1
Arturo	WET	0
Brian	WET	0
Charles	WET	0
Christopher	WET	0
Daniel	WET	0
Darrell	WET	0
Darren	WET	0
David	WET	0
Donald	WET	0
Donnie	WET	0
Edward	WET	0
Everett	WET	0
George	WET	0
George	WET	0
Jack	WET	0
Jaime	WET	0
James	WET	0
Jeremy	WET	0
John	WET	0
John	WET	0
John	WET	0
John	WET	0
Joseph	WET	0
Joshua	WET	0
Keith	WET	0
Kevin	WET	0
Kevin	WET	0
Larry	WET	0
Lawrence	WET	0
Mark	WET	0
Mark	WET	0
Matthew	WET	0
Matthew	WET	0
Miguel	WET	0
Paul	WET	0
Raymond	WET	0
Richard	WET	0
Richard	WET	0
Richard	WET	0
Santiago	WET	0
Shawn	WET	0
Thomas	WET	0
Todd	WET	0
Vernon	WET	0
Victor	WET	0
William	WET	0
Jeffrey got wet because of global warming.
Gregory got wet because of global warming.
Charles got wet because of global warming.
Jimmy got wet because of global warming.
Gary got wet because of global warming.
Casey got wet because of global warming.
Everett got wet because of global warming.
Robert got wet because of global warming.
SCOREBOARD:
Aubrey	DRY	1
Noel	DRY	1
Walter	DRY	1
Arturo	DRY	0
Bruce	DRY	0
Daniel	DRY	0
Dennis	DRY	0
Edward	DRY	0
Henry	DRY	0
Horace	DRY	0
Jack	DRY	0
James	DRY	0
Jeff	DRY	0
Jesus	DRY	0
Kenneth	DRY	0
Luigi	DRY	0
Luther	DRY	0
Michael	DRY	0
Noah	DRY	0
Peter	DRY	0
Randy	DRY	0
Ronald	DRY	0
Rosendo	DRY	0
Sergio	DRY	0
Timothy	DRY	0
Matthew	WET	2
Charles	WET	1
Gregory	WET	1
Spencer	WET	1
Wallace	WET	1
Arturo	WET	0
Brian	WET	0
Casey	WET	0
Charles	WET	0
Charles	WET	0
Christopher	WET	0
Daniel	WET	0
Darrell	WET	0
Darren	WET	0
David	WET	0
Donald	WET	0
Donnie	WET	0
Edward	WET	0
Everett	WET	0
Everett	WET	0
Gary	WET	0
George	WET	0
George	WET	0
Jack	WET	0
Jaime	WET	0
James	WET	0
Jeffrey	WET	0
Jeremy	WET	0
Jimmy	WET	0
John	WET	0
John	WET	0
John	WET	0
John	WET	0
Joseph	WET	0
Joshua	WET	0
Keith	WET	0
Kevin	WET	0
Kevin	WET	0
Larry	WET	0
Lawrence	WET	0
Mark	WET	0
Mark	WET	0
Matthew	WET	0
Matthew	WET	0
Miguel	WET	0
Paul	WET	0
Raymond	WET	0
Richard	WET	0
Richard	WET	0
Richard	WET	0
Robert	WET	0
Santiago	WET	0
Shawn	WET	0
Thomas	WET	0
Todd	WET	0
Vernon	WET	0
Victor	WET	0
William	WET	0
SCOREBOARD:
Aubrey	DRY	1
Noel	DRY	1
Walter	DRY	1
Arturo	DRY	0
Bruce	DRY	0
Daniel	DRY	0
Dennis	DRY	0
Edward	DRY	0
Henry	DRY	0
Horace	DRY	0
Jack	DRY	0
James	DRY	0
Jeff	DRY	0
Jesus	DRY	0
Kenneth	DRY	0
Luigi	DRY	0
Luther	DRY	0
Michael	DRY	0
Noah	DRY	0
Peter	DRY	0
Randy	DRY	0
Ronald	DRY	0
Rosendo	DRY	0
Sergio	DRY	0
Timothy	DRY	0
Matthew	WET	2
Charles	WET	1
Gregory	WET	1
Spencer	WET	1
Wallace	WET	1
Arturo	WET	0
Brian	WET	0
Casey	WET	0
Charles	WET	0
Charles	WET	0
Christopher	WET	0
Daniel	WET	0
Darrell	WET	0
Darren	WET	0
David	WET	0
Donald	WET	0
Donnie	WET	0
Edward	WET	0
Everett	WET	0
Everett	WET	0
Gary	WET	0
George	WET	0
George	WET	0
Jack	WET	0
Jaime	WET	0
James	WET	0
Jeffrey	WET	0
Jeremy	WET	0
Jimmy	WET	0
John	WET	0
John	WET	0
John	WET	0
John	WET	0
Joseph	WET	0
Joshua	WET	0
Keith	WET	0
Kevin	WET	0
Kevin	WET	0
Larry	WET	0
Lawrence	WET	0
Mark	WET	0
Mark	WET	0
Matthew	WET	0
Matthew	WET	0
Miguel	WET	0
Paul	WET	0
Raymond	WET	0
Richard	WET	0
Richard	WET	0
Richard	WET	0
Robert	WET	0
Santiago	WET	0
Shawn	WET	0
Thomas	WET	0
Todd	WET	0
Vernon	WET	0
Victor	WET	0
William	WET	0
Noah fell off the glacier.
SCOREBOARD:
Aubrey	DRY	1
Noel	DRY	1
Walter	DRY	1
Arturo	DRY	0
Bruce	DRY	0
Daniel	DRY	0
Dennis	DRY	0
Edward	DRY	0
Henry	DRY	0
Horace	DRY	0
Jack	DRY	0
James	DRY	0
Jeff	DRY	0
Jesus	DRY	0
Kenneth	DRY	0
Luigi	DRY	0
Luther	DRY	0
Michael	DRY	0
Peter	DRY	0
Randy	DRY	0
Ronald	DRY	0
Rosendo	DRY	0
Sergio	DRY	0
Timothy	DRY	0
Matthew	WET	2
Charles	WET	1
Gregory	WET	1
Spencer	WET	1
Wallace	WET	1
Arturo	WET	0
Brian	WET	0
Casey	WET	0
Charles	WET	0
Charles	WET	0
Christopher	WET	0
Daniel	WET	0
Darrell	WET	0
Darren	WET	0
David	WET	0
Donald	WET	0
Donnie	WET	0
Edward	WET	0
Everett	WET	0
Everett	WET	0
Gary	WET	0
George	WET	0
George	WET	0
Jack	WET	0
Jaime	WET	0
James	WET	0
Jeffrey	WET	0
Jeremy	WET	0
Jimmy	WET	0
John	WET	0
John	WET	0
John	WET	0
John	WET	0
Joseph	WET	0
Joshua	WET	0
Keith	WET	0
Kevin	WET	0
Kevin	WET	0
Larry	WET	0
Lawrence	WET	0
Mark	WET	0
Mark	WET	0
Matthew	WET	0
Matthew	WET	0
Miguel	WET	0
Noah	WET	0
Paul	WET	0
Raymond	WET	0
Richard	WET	0
Richard	WET	0
Richard	WET	0
Robert	WET	0
Santiago	WET	0
Shawn	WET	0
Thomas	WET	0
Todd	WET	0
Vernon	WET	0
Victor	WET	0
William	WET	0
SCOREBOARD:
Aubrey	DRY	1
Noel	DRY	1
Walter	DRY	1
Arturo	DRY	0
Bruce	DRY	0
Daniel	DRY	0
Dennis	DRY	0
Edward	DRY	0
Henry	DRY	0
Horace	DRY	0
Jack	DRY	0
James	DRY	0
Jeff	DRY	0
Jesus	DRY	0
Kenneth	DRY	0
Luigi	DRY	0
Luther	DRY	0
Michael	DRY	0
Peter	DRY	0
Randy	DRY	0
Ronald	DRY	0
Rosendo	DRY	0
Sergio	DRY	0
Timothy	DRY	0
Matthew	WET	2
Charles	WET	1
Gregory	WET	1
Spencer	WET	1
Wallace	WET	1
Arturo	WET	0
Brian	WET	0
Casey	WET	0
Charles	WET	0
Charles	WET	0
Christopher	WET	0
Daniel	WET	0
Darrell	WET	0
Darren	WET	0
David	WET	0
Donald	WET	0
Donnie	WET	0
Edward	WET	0
Everett	WET	0
Everett	WET	0
Gary	WET	0
George	WET	0
George	WET	0
Jack	WET	0
Jaime	WET	0
James	WET	0
Jeffrey	WET	0
Jeremy	WET	0
Jimmy	WET	0
John	WET	0
John	WET	0
John	WET	0
John	WET	0
Joseph	WET	0
Joshua	WET	0
Keith	WET	0
Kevin	WET	0
Kevin	WET	0
Larry	WET	0
Lawrence	WET	0
Mark	WET	0
Mark	WET	0
Matthew	WET	0
Matthew	WET	0
Miguel	WET	0
Noah	WET	0
Paul	WET	0
Raymond	WET	0
Richard	WET	0
Richard	WET	0
Richard	WET	0
Robert	WET	0
Santiago	WET	0
Shawn	WET	0
Thomas	WET	0
Todd	WET	0
Vernon	WET	0
Victor	WET	0
William	WET	0
SCOREBOARD:
Aubrey	DRY	1
Noel	DRY	1
Walter	DRY	1
Arturo	DRY	0
Bruce	DRY	0
Daniel	DRY	0
Dennis	DRY	0
Edward	DRY	0
Henry	DRY	0
Horace	DRY	0
Jack	DRY	0
James	DRY	0
Jeff	DRY	0
Jesus	DRY	0
Kenneth	DRY	0
Luigi	DRY	0
Luther	DRY	0
Michael	DRY	0
Peter	DRY	0
Randy	DRY	0
Ronald	DRY	0
Rosendo	DRY	0
Sergio	DRY	0
Timothy	DRY	0
Matthew	WET	2
Charles	WET	1
Gregory	WET	1
Spencer	WET	1
Wallace	WET	1
Arturo	WET	0
Brian	WET	0
Casey	WET	0
Charles	WET	0
Charles	WET	0
Christopher	WET	0
Daniel	WET	0
Darrell	WET	0
Darren	WET	0
David	WET	0
Donald	WET	0
Donnie	WET	0
Edward	WET	0
Everett	WET	0
Everett	WET	0
Gary	WET	0
George	WET	0
George	WET	0
Jack	WET	0
Jaime	WET	0
James	WET	0
Jeffrey	WET	0
Jeremy	WET	0
Jimmy	WET	0
John	WET	0
John	WET	0
John	WET	0
John	WET	0
Joseph	WET	0
Joshua	WET	0
Keith	WET	0
Kevin	WET	0
Kevin	WET	0
Larry	WET	0
Lawrence	WET	0
Mark	WET	0
Mark	WET	0
Matthew	WET	0
Matthew	WET	0
Miguel	WET	0
Noah	WET	0
Paul	WET	0
Raymond	WET	0
Richard	WET	0
Richard	WET	0
Richard	WET	0
Robert	WET	0
Santiago	WET	0
Shawn	WET	0
Thomas	WET	0
Todd	WET	0
Vernon	WET	0
Victor	WET	0
William	WET	0
SCOREBOARD:
Aubrey	DRY	1
Noel	DRY	1
Walter	DRY	1
Arturo	DRY	0
Bruce	DRY	0
Daniel	DRY	0
Dennis	DRY	0
Edward	DRY	0
Henry	DRY	0
Horace	DRY	0
Jack	DRY	0
James	DRY	0
Jeff	DRY	0
Jesus	DRY	0
Kenneth	DRY	0
Luigi	DRY	0
Luther	DRY	0
Michael	DRY	0
Peter	DRY	0
Randy	DRY	0
Ronald	DRY	0
Rosendo	DRY	0
Sergio	DRY	0
Timothy	DRY	0
Matthew	WET	2
Charles	WET	1
Gregory	WET	1
Spencer	WET	1
Wallace	WET	1
Arturo	WET	0
Brian	WET	0
Casey	WET	0
Charles	WET	0
Charles	WET	0
Christopher	WET	0
Daniel	WET	0
Darrell	WET	0
Darren	WET	0
David	WET	0
Donald	WET	0
Donnie	WET	0
Edward	WET	0
Everett	WET	0
Everett	WET	0
Gary	WET	0
George	WET	0
George	WET	0
Jack	WET	0
Jaime	WET	0
James	WET	0
Jeffrey	WET	0
Jeremy	WET	0
Jimmy	WET	0
John	WET	0
John	WET	0
John	WET	0
John	WET	0
Joseph	WET	0
Joshua	WET	0
Keith	WET	0
Kevin	WET	0
Kevin	WET	0
Larry	WET	0
Lawrence	WET	0
Mark	WET	0
Mark	WET	0
Matthew	WET	0
Matthew	WET	0
Miguel	WET	0
Noah	WET	0
Paul	WET	0
Raymond	WET	0
Richard	WET	0
Richard	WET	0
Richard	WET	0
Robert	WET	0
Santiago	WET	0
Shawn	WET	0
Thomas	WET	0
Todd	WET	0
Vernon	WET	0
Victor	WET	0
William	WET	0
SCOREBOARD:
Aubrey	DRY	1
Noel	DRY	1
Walter	DRY	1
Arturo	DRY	0
Bruce	DRY	0
Daniel	DRY	0
Dennis	DRY	0
Edward	DRY	0
Henry	DRY	0
Horace	DRY	0
Jack	DRY	0
James	DRY	0
Jeff	DRY	0
Jesus	DRY	0
Kenneth	DRY	0
Luigi	DRY	0
Luther	DRY	0
Michael	DRY	0
Peter	DRY	0
Randy	DRY	0
Ronald	DRY	0
Rosendo	DRY	0
Sergio	DRY	0
Timothy	DRY	0
Matthew	WET	2
Charles	WET	1
Gregory	WET	1
Spencer	WET	1
Wallace	WET	1
Arturo	WET	0
Brian	WET	0
Casey	WET	0
Charles	WET	0
Charles	WET	0
Christopher	WET	0
Daniel	WET	0
Darrell	WET	0
Darren	WET	0
David	WET	0
Donald	WET	0
Donnie	WET	0
Edward	WET	0
Everett	WET	0
Everett	WET	0
Gary	WET	0
George	WET	0
George	WET	0
Jack	WET	0
Jaime	WET	0
James	WET	0
Jeffrey	WET	0
Jeremy	WET	0
Jimmy	WET	0
John	WET	0
John	WET	0
John	WET	0
John	WET	0
Joseph	WET	0
Joshua	WET	0
Keith	WET	0
Kevin	WET	0
Kevin	WET	0
Larry	WET	0
Lawrence	WET	0
Mark	WET	0
Mark	WET	0
Matthew	WET	0
Matthew	WET	0
Miguel	WET	0
Noah	WET	0
Paul	WET	0
Raymond	WET	0
Richard	WET	0
Richard	WET	0
Richard	WET	0
Robert	WET	0
Santiago	WET	0
Shawn	WET	0
Thomas	WET	0
Todd	WET	0
Vernon	WET	0
Victor	WET	0
William	WET	0
SCOREBOARD:
Aubrey	DRY	1
Noel	DRY	1
Walter	DRY	1
Arturo	DRY	0
Bruce	DRY	0
Daniel	DRY	0
Dennis	DRY	0
Edward	DRY	0
Henry	DRY	0
Horace	DRY	0
Jack	DRY	0
James	DRY	0
Jeff	DRY	0
Jesus	DRY	0
Kenneth	DRY	0
Luigi	DRY	0
Luther	DRY	0
Michael	DRY	0
Peter	DRY	0
Randy	DRY	0
Ronald	DRY	0
Rosendo	DRY	0
Sergio	DRY	0
Timothy	DRY	0
Matthew	WET	2
Charles	WET	1
Gregory	WET	1
Spencer	WET	1
Wallace	WET	1
Arturo	WET	0
Brian	WET	0
Casey	WET	0
Charles	WET	0
Charles	WET	0
Christopher	WET	0
Daniel	WET	0
Darrell	WET	0
Darren	WET	0
David	WET	0
Donald	WET	0
Donnie	WET	0
Edward	WET	0
Everett	WET	0
Everett	WET	0
Gary	WET	0
George	WET	0
George	WET	0
Jack	WET	0
Jaime	WET	0
James	WET	0
Jeffrey	WET	0
Jeremy	WET	0
Jimmy	WET	0
John	WET	0
John	WET	0
John	WET	0
John	WET	0
Joseph	WET	0
Joshua	WET	0
Keith	WET	0
Kevin	WET	0
Kevin	WET	0
Larry	WET	0
Lawrence	WET	0
Mark	WET	0
Mark	WET	0
Matthew	WET	0
Matthew	WET	0
Miguel	WET	0
Noah	WET	0
Paul	WET	0
Raymond	WET	0
Richard	WET	0
Richard	WET	0
Richard	WET	0
Robert	WET	0
Santiago	WET	0
Shawn	WET	0
Thomas	WET	0
Todd	WET	0
Vernon	WET	0
Victor	WET	0
William	WET	0
SCOREBOARD:
Aubrey	DRY	1
Noel	DRY	1
Walter	DRY	1
Arturo	DRY	0
Bruce	DRY	0
Daniel	DRY	0
Dennis	DRY	0
Edward	DRY	0
Henry	DRY	0
Horace	DRY	0
Jack	DRY	0
James	DRY	0
Jeff	DRY	0
Jesus	DRY	0
Kenneth	DRY	0
Luigi	DRY	0
Luther	DRY	0
Michael	DRY	0
Peter	DRY	0
Randy	DRY	0
Ronald	DRY	0
Rosendo	DRY	0
Sergio	DRY	0
Timothy	DRY	0
Matthew	WET	2
Charles	WET	1
Gregory	WET	1
Spencer	WET	1
Wallace	WET	1
Arturo	WET	0
Brian	WET	0
Casey	WET	0
Charles	WET	0
Charles	WET	0
Christopher	WET	0
Daniel	WET	0
Darrell	WET	0
Darren	WET	0
David	WET	0
Donald	WET	0
Donnie	WET	0
Edward	WET	0
Everett	WET	0
Everett	WET	0
Gary	WET	0
George	WET	0
George	WET	0
Jack	WET	0
Jaime	WET	0
James	WET	0
Jeffrey	WET	0
Jeremy	WET	0
Jimmy	WET	0
John	WET	0
John	WET	0
John	WET	0
John	WET	0
Joseph	WET	0
Joshua	WET	0
Keith	WET	0
Kevin	WET	0
Kevin	WET	0
Larry	WET	0
Lawrence	WET	0
Mark	WET	0
Mark	WET	0
Matthew	WET	0
Matthew	WET	0
Miguel	WET	0
Noah	WET	0
Paul	WET	0
Raymond	WET	0
Richard	WET	0
Richard	WET	0
Richard	WET	0
Robert	WET	0
Santiago	WET	0
Shawn	WET	0
Thomas	WET	0
Todd	WET	0
Vernon	WET	0
Victor	WET	0
William	WET	0
SCOREBOARD:
Aubrey	DRY	1
Noel	DRY	1
Walter	DRY	1
Arturo	DRY	0
Bruce	DRY	0
Daniel	DRY	0
Dennis	DRY	0
Edward	DRY	0
Henry	DRY	0
Horace	DRY	0
Jack	DRY	0
James	DRY	0
Jeff	DRY	0
Jesus	DRY	0
Kenneth	DRY	0
Luigi	DRY	0
Luther	DRY	0
Michael	DRY	0
Peter	DRY	0
Randy	DRY	0
Ronald	DRY	0
Rosendo	DRY	0
Sergio	DRY	0
Timothy	DRY	0
Matthew	WET	2
Charles	WET	1
Gregory	WET	1
Spencer	WET	1
Wallace	WET	1
Arturo	WET	0
Brian	WET	0
Casey	WET	0
Charles	WET	0
Charles	WET	0
Christopher	WET	0
Daniel	WET	0
Darrell	WET	0
Darren	WET	0
David	WET	0
Donald	WET	0
Donnie	WET	0
Edward	WET	0
Everett	WET	0
Everett	WET	0
Gary	WET	0
George	WET	0
George	WET	0
Jack	WET	0
Jaime	WET	0
James	WET	0
Jeffrey	WET	0
Jeremy	WET	0
Jimmy	WET	0
John	WET	0
John	WET	0
John	WET	0
John	WET	0
Joseph	WET	0
Joshua	WET	0
Keith	WET	0
Kevin	WET	0
Kevin	WET	0
Larry	WET	0
Lawrence	WET	0
Mark	WET	0
Mark	WET	0
Matthew	WET	0
Matthew	WET	0
Miguel	WET	0
Noah	WET	0
Paul	WET	0
Raymond	WET	0
Richard	WET	0
Richard	WET	0
Richard	WET	0
Robert	WET	0
Santiago	WET	0
Shawn	WET	0
Thomas	WET	0
Todd	WET	0
Vernon	WET	0
Victor	WET	0
William	WET	0
