Edward has missed the glacier.
Charles has missed the glacier.
Robert has missed the glacier.
Patrick has missed the glacier.
Roberto has missed the glacier.
Tracy has missed the glacier.
Duane has missed the glacier.
Jerry has missed the glacier.
Francis has missed the glacier.
Joseph has missed the glacier.
John has missed the glacier.
Johnny has missed the glacier.
Zachary has missed the glacier.
Donny has missed the glacier.
Williams has missed the glacier.
Albert has missed the glacier.
Donald has missed the glacier.
John has missed the glacier.
Francisco has missed the glacier.
Robert has missed the glacier.
Elliott has missed the glacier.
James has missed the glacier.
Ron has missed the glacier.
Ralph has missed the glacier.
Steven has missed the glacier.
Benjamin has missed the glacier.
Michael has missed the glacier.
Florencio has missed the glacier.
Luis has missed the glacier.
Edgar has missed the glacier.
Jason has missed the glacier.
Michael has missed the glacier.
Robert has missed the glacier.
William has missed the glacier.
Mark has missed the glacier.
Christopher has missed the glacier.
Stephen has missed the glacier.
Robert has missed the glacier.
Daniel has missed the glacier.
Todd has missed the glacier.
Gary has missed the glacier.
John has missed the glacier.
Corey has missed the glacier.
James has missed the glacier.
Frank has missed the glacier.
Robert has missed the glacier.
Richard has missed the glacier.
Jonathan has missed the glacier.
Ben has missed the glacier.
Rodney sent Donald back home.
Jonathan fell off the glacier.
SCOREBOARD:
Rodney	DRY	1
Aaron	DRY	0
Aaron	DRY	0
Anthony	DRY	0
Anthony	DRY	0
Arthur	DRY	0
Arturo	DRY	0
Austin	DRY	0
Barney	DRY	0
Benjamin	DRY	0
Brandon	DRY	0
Brian	DRY	0
Cesar	DRY	0
Chester	DRY	0
Chris	DRY	0
Christopher	DRY	0
Christopher	DRY	0
Clarence	DRY	0
Clifford	DRY	0
Cody	DRY	0
Craig	DRY	0
Dallas	DRY	0
Darryl	DRY	0
David	DRY	0
David	DRY	0
David	DRY	0
David	DRY	0
David	DRY	0
David	DRY	0
Donald	DRY	0
Donald	DRY	0
Douglas	DRY	0
Edward	DRY	0
Eric	DRY	0
Ernest	DRY	0
Floyd	DRY	0
Francis	DRY	0
Frank	DRY	0
Frank	DRY	0
Garrett	DRY	0
Gary	DRY	0
George	DRY	0
George	DRY	0
George	DRY	0
George	DRY	0
Glen	DRY	0
Harold	DRY	0
Howard	DRY	0
Howard	DRY	0
Irvin	DRY	0
Isidro	DRY	0
Jack	DRY	0
James	DRY	0
James	DRY	0
James	DRY	0
James	DRY	0
James	DRY	0
James	DRY	0
James	DRY	0
James	DRY	0
Jerold	DRY	0
Jerome	DRY	0
Jim	DRY	0
Joel	DRY	0
John	DRY	0
John	DRY	0
John	DRY	0
John	DRY	0
Johnny	DRY	0
Jon	DRY	0
Jonathan	DRY	0
Juan	DRY	0
Kenneth	DRY	0
Kenny	DRY	0
Kevin	DRY	0
Kris	DRY	0
Larry	DRY	0
Larry	DRY	0
Leon	DRY	0
Leon	DRY	0
Lester	DRY	0
Louis	DRY	0
Marc	DRY	0
Marcelino	DRY	0
Mark	DRY	0
Mark	DRY	0
Martin	DRY	0
Mathew	DRY	0
Michael	DRY	0
Michael	DRY	0
Michael	DRY	0
Michael	DRY	0
Michael	DRY	0
Michael	DRY	0
Micheal	DRY	0
Millard	DRY	0
Nicholas	DRY	0
Noel	DRY	0
Norman	DRY	0
Orlando	DRY	0
Peter	DRY	0
Phillip	DRY	0
Preston	DRY	0
Quentin	DRY	0
Ralph	DRY	0
Ramon	DRY	0
Reginald	DRY	0
Reuben	DRY	0
Richard	DRY	0
Robert	DRY	0
Robert	DRY	0
Roger	DRY	0
Ronald	DRY	0
Ronald	DRY	0
Ronald	DRY	0
Russell	DRY	0
Russell	DRY	0
Russell	DRY	0
Stanley	DRY	0
Steve	DRY	0
Steven	DRY	0
Terry	DRY	0
Theodore	DRY	0
Thomas	DRY	0
Tim	DRY	0
Victor	DRY	0
Vincent	DRY	0
Wallace	DRY	0
Walter	DRY	0
Wesley	DRY	0
Wilbur	DRY	0
William	DRY	0
Willie	DRY	0
Wm	DRY	0
Zachary	DRY	0
Albert	WET	0
Ben	WET	0
Benjamin	WET	0
Charles	WET	0
Christopher	WET	0
Corey	WET	0
Daniel	WET	0
Donald	WET	0
Donald	WET	0
Donny	WET	0
Duane	WET	0
Edgar	WET	0
Edward	WET	0
Elliott	WET	0
Florencio	WET	0
Francis	WET	0
Francisco	WET	0
Frank	WET	0
Gary	WET	0
James	WET	0
James	WET	0
Jason	WET	0
Jerry	WET	0
John	WET	0
John	WET	0
John	WET	0
Johnny	WET	0
Jonathan	WET	0
Jonathan	WET	0
Joseph	WET	0
Luis	WET	0
Mark	WET	0
Michael	WET	0
Michael	WET	0
Patrick	WET	0
Ralph	WET	0
Richard	WET	0
Robert	WET	0
Robert	WET	0
Robert	WET	0
Robert	WET	0
Robert	WET	0
Roberto	WET	0
Ron	WET	0
Stephen	WET	0
Steven	WET	0
Todd	WET	0
Tracy	WET	0
William	WET	0
Williams	WET	0
Zachary	WET	0
Michael sent Louis back home.
SCOREBOARD:
Michael	DRY	1
Rodney	DRY	1
Aaron	DRY	0
Aaron	DRY	0
Anthony	DRY	0
Anthony	DRY	0
Arthur	DRY	0
Arturo	DRY	0
Austin	DRY	0
Barney	DRY	0
Benjamin	DRY	0
Brandon	DRY	0
Brian	DRY	0
Cesar	DRY	0
Chester	DRY	0
Chris	DRY	0
Christopher	DRY	0
Christopher	DRY	0
Clarence	DRY	0
Clifford	DRY	0
Cody	DRY	0
Craig	DRY	0
Dallas	DRY	0
Darryl	DRY	0
David	DRY	0
David	DRY	0
David	DRY	0
David	DRY	0
David	DRY	0
David	DRY	0
Donald	DRY	0
Donald	DRY	0
Douglas	DRY	0
Edward	DRY	0
Eric	DRY	0
Ernest	DRY	0
Floyd	DRY	0
Francis	DRY	0
Frank	DRY	0
Frank	DRY	0
Garrett	DRY	0
Gary	DRY	0
George	DRY	0
George	DRY	0
George	DRY	0
George	DRY	0
Glen	DRY	0
Harold	DRY	0
Howard	DRY	0
Howard	DRY	0
Irvin	DRY	0
Isidro	DRY	0
Jack	DRY	0
James	DRY	0
James	DRY	0
James	DRY	0
James	DRY	0
James	DRY	0
James	DRY	0
James	DRY	0
James	DRY	0
Jerold	DRY	0
Jerome	DRY	0
Jim	DRY	0
Joel	DRY	0
John	DRY	0
John	DRY	0
John	DRY	0
John	DRY	0
Johnny	DRY	0
Jon	DRY	0
Jonathan	DRY	0
Juan	DRY	0
Kenneth	DRY	0
Kenny	DRY	0
Kevin	DRY	0
Kris	DRY	0
Larry	DRY	0
Larry	DRY	0
Leon	DRY	0
Leon	DRY	0
Lester	DRY	0
Marc	DRY	0
Marcelino	DRY	0
Mark	DRY	0
Mark	DRY	0
Martin	DRY	0
Mathew	DRY	0
Michael	DRY	0
Michael	DRY	0
Michael	DRY	0
Michael	DRY	0
Michael	DRY	0
Micheal	DRY	0
Millard	DRY	0
Nicholas	DRY	0
Noel	DRY	0
Norman	DRY	0
Orlando	DRY	0
Peter	DRY	0
Phillip	DRY	0
Preston	DRY	0
Quentin	DRY	0
Ralph	DRY	0
Ramon	DRY	0
Reginald	DRY	0
Reuben	DRY	0
Richard	DRY	0
Robert	DRY	0
Robert	DRY	0
Roger	DRY	0
Ronald	DRY	0
Ronald	DRY	0
Ronald	DRY	0
Russell	DRY	0
Russell	DRY	0
Russell	DRY	0
Stanley	DRY	0
Steve	DRY	0
Steven	DRY	0
Terry	DRY	0
Theodore	DRY	0
Thomas	DRY	0
Tim	DRY	0
Victor	DRY	0
Vincent	DRY	0
Wallace	DRY	0
Walter	DRY	0
Wesley	DRY	0
Wilbur	DRY	0
William	DRY	0
Willie	DRY	0
Wm	DRY	0
Zachary	DRY	0
Albert	WET	0
Ben	WET	0
Benjamin	WET	0
Charles	WET	0
Christopher	WET	0
Corey	WET	0
Daniel	WET	0
Donald	WET	0
Donald	WET	0
Donny	WET	0
Duane	WET	0
Edgar	WET	0
Edward	WET	0
Elliott	WET	0
Florencio	WET	0
Francis	WET	0
Francisco	WET	0
Frank	WET	0
Gary	WET	0
James	WET	0
James	WET	0
Jason	WET	0
Jerry	WET	0
John	WET	0
John	WET	0
John	WET	0
Johnny	WET	0
Jonathan	WET	0
Jonathan	WET	0
Joseph	WET	0
Louis	WET	0
Luis	WET	0
Mark	WET	0
Michael	WET	0
Michael	WET	0
Patrick	WET	0
Ralph	WET	0
Richard	WET	0
Robert	WET	0
Robert	WET	0
Robert	WET	0
Robert	WET	0
Robert	WET	0
Roberto	WET	0
Ron	WET	0
Stephen	WET	0
Steven	WET	0
Todd	WET	0
Tracy	WET	0
William	WET	0
Williams	WET	0
Zachary	WET	0
John sent James back home.
James fell off the glacier.
James sent Christopher back home.
Joel got wet because of global warming.
Edward got wet because of global warming.
Irvin got wet because of global warming.
Micheal got wet because of global warming.
George got wet because of global warming.
Brandon got wet because of global warming.
Cody got wet because of global warming.
Reginald got wet because of global warming.
John got wet because of global warming.
Anthony got wet because of global warming.
David got wet because of global warming.
Benjamin got wet because of global warming.
Ronald got wet because of global warming.
Donald got wet because of global warming.
Kevin got wet because of global warming.
Clifford got wet because of global warming.
Glen got wet because of global warming.
Jack got wet because of global warming.
David got wet because of global warming.
Isidro got wet because of global warming.
Russell sent Peter back home.
Aaron got wet because of global warming.
Russell got wet because of global warming.
Francis got wet because of global warming.
Terry got wet because of global warming.
Millard got wet because of global warming.
Preston got wet because of global warming.
Richard got wet because of global warming.
Victor got wet because of global warming.
Kenneth got wet because of global warming.
James got wet because of global warming.
Kris got wet because of global warming.
Larry got wet because of global warming.
Chris got wet because of global warming.
Michael got wet because of global warming.
Jon got wet because of global warming.
Jerome got wet because of global warming.
Wilbur got wet because of global warming.
SCOREBOARD:
James	DRY	1
Michael	DRY	1
Rodney	DRY	1
Aaron	DRY	0
Anthony	DRY	0
Arthur	DRY	0
Arturo	DRY	0
Austin	DRY	0
Barney	DRY	0
Brian	DRY	0
Cesar	DRY	0
Chester	DRY	0
Christopher	DRY	0
Clarence	DRY	0
Craig	DRY	0
Dallas	DRY	0
Darryl	DRY	0
David	DRY	0
David	DRY	0
David	DRY	0
David	DRY	0
Donald	DRY	0
Douglas	DRY	0
Eric	DRY	0
Ernest	DRY	0
Floyd	DRY	0
Frank	DRY	0
Frank	DRY	0
Garrett	DRY	0
Gary	DRY	0
George	DRY	0
George	DRY	0
George	DRY	0
Harold	DRY	0
Howard	DRY	0
Howard	DRY	0
James	DRY	0
James	DRY	0
James	DRY	0
James	DRY	0
Jerold	DRY	0
Jim	DRY	0
John	DRY	0
John	DRY	0
John	DRY	0
Johnny	DRY	0
Jonathan	DRY	0
Juan	DRY	0
Kenny	DRY	0
Larry	DRY	0
Leon	DRY	0
Leon	DRY	0
Lester	DRY	0
Marc	DRY	0
Marcelino	DRY	0
Mark	DRY	0
Mark	DRY	0
Martin	DRY	0
Mathew	DRY	0
Michael	DRY	0
Michael	DRY	0
Michael	DRY	0
Michael	DRY	0
Nicholas	DRY	0
Noel	DRY	0
Norman	DRY	0
Orlando	DRY	0
Phillip	DRY	0
Quentin	DRY	0
Ralph	DRY	0
Ramon	DRY	0
Reuben	DRY	0
Robert	DRY	0
Robert	DRY	0
Roger	DRY	0
Ronald	DRY	0
Ronald	DRY	0
Russell	DRY	0
Russell	DRY	0
Stanley	DRY	0
Steve	DRY	0
Steven	DRY	0
Theodore	DRY	0
Thomas	DRY	0
Tim	DRY	0
Vincent	DRY	0
Wallace	DRY	0
Walter	DRY	0
Wesley	DRY	0
William	DRY	0
Willie	DRY	0
Wm	DRY	0
Zachary	DRY	0
John	WET	1
Russell	WET	1
Aaron	WET	0
Albert	WET	0
Anthony	WET	0
Ben	WET	0
Benjamin	WET	0
Benjamin	WET	0
Brandon	WET	0
Charles	WET	0
Chris	WET	0
Christopher	WET	0
Christopher	WET	0
Clifford	WET	0
Cody	WET	0
Corey	WET	0
Daniel	WET	0
David	WET	0
David	WET	0
Donald	WET	0
Donald	WET	0
Donald	WET	0
Donny	WET	0
Duane	WET	0
Edgar	WET	0
Edward	WET	0
Edward	WET	0
Elliott	WET	0
Florencio	WET	0
Francis	WET	0
Francis	WET	0
Francisco	WET	0
Frank	WET	0
Gary	WET	0
George	WET	0
Glen	WET	0
Irvin	WET	0
Isidro	WET	0
Jack	WET	0
James	WET	0
James	WET	0
James	WET	0
James	WET	0
James	WET	0
Jason	WET	0
Jerome	WET	0
Jerry	WET	0
Joel	WET	0
John	WET	0
John	WET	0
John	WET	0
Johnny	WET	0
Jon	WET	0
Jonathan	WET	0
Jonathan	WET	0
Joseph	WET	0
Kenneth	WET	0
Kevin	WET	0
Kris	WET	0
Larry	WET	0
Louis	WET	0
Luis	WET	0
Mark	WET	0
Michael	WET	0
Michael	WET	0
Michael	WET	0
Micheal	WET	0
Millard	WET	0
Patrick	WET	0
Peter	WET	0
Preston	WET	0
Ralph	WET	0
Reginald	WET	0
Richard	WET	0
Richard	WET	0
Robert	WET	0
Robert	WET	0
Robert	WET	0
Robert	WET	0
Robert	WET	0
Roberto	WET	0
Ron	WET	0
Ronald	WET	0
Stephen	WET	0
Steven	WET	0
Terry	WET	0
Todd	WET	0
Tracy	WET	0
Victor	WET	0
Wilbur	WET	0
William	WET	0
Williams	WET	0
Zachary	WET	0
Ronald sent John back home.
Wesley sent Michael back home.
Gary fell off the glacier.
SCOREBOARD:
James	DRY	1
Rodney	DRY	1
Ronald	DRY	1
Wesley	DRY	1
Aaron	DRY	0
Anthony	DRY	0
Arthur	DRY	0
Arturo	DRY	0
Austin	DRY	0
Barney	DRY	0
Brian	DRY	0
Cesar	DRY	0
Chester	DRY	0
Christopher	DRY	0
Clarence	DRY	0
Craig	DRY	0
Dallas	DRY	0
Darryl	DRY	0
David	DRY	0
David	DRY	0
David	DRY	0
David	DRY	0
Donald	DRY	0
Douglas	DRY	0
Eric	DRY	0
Ernest	DRY	0
Floyd	DRY	0
Frank	DRY	0
Frank	DRY	0
Garrett	DRY	0
George	DRY	0
George	DRY	0
George	DRY	0
Harold	DRY	0
Howard	DRY	0
Howard	DRY	0
James	DRY	0
James	DRY	0
James	DRY	0
James	DRY	0
Jerold	DRY	0
Jim	DRY	0
John	DRY	0
John	DRY	0
Johnny	DRY	0
Jonathan	DRY	0
Juan	DRY	0
Kenny	DRY	0
Larry	DRY	0
Leon	DRY	0
Leon	DRY	0
Lester	DRY	0
Marc	DRY	0
Marcelino	DRY	0
Mark	DRY	0
Mark	DRY	0
Martin	DRY	0
Mathew	DRY	0
Michael	DRY	0
Michael	DRY	0
Michael	DRY	0
Michael	DRY	0
Nicholas	DRY	0
Noel	DRY	0
Norman	DRY	0
Orlando	DRY	0
Phillip	DRY	0
Quentin	DRY	0
Ralph	DRY	0
Ramon	DRY	0
Reuben	DRY	0
Robert	DRY	0
Robert	DRY	0
Roger	DRY	0
Ronald	DRY	0
Russell	DRY	0
Russell	DRY	0
Stanley	DRY	0
Steve	DRY	0
Steven	DRY	0
Theodore	DRY	0
Thomas	DRY	0
Tim	DRY	0
Vincent	DRY	0
Wallace	DRY	0
Walter	DRY	0
William	DRY	0
Willie	DRY	0
Wm	DRY	0
Zachary	DRY	0
John	WET	1
Michael	WET	1
Russell	WET	1
Aaron	WET	0
Albert	WET	0
Anthony	WET	0
Ben	WET	0
Benjamin	WET	0
Benjamin	WET	0
Brandon	WET	0
Charles	WET	0
Chris	WET	0
Christopher	WET	0
Christopher	WET	0
Clifford	WET	0
Cody	WET	0
Corey	WET	0
Daniel	WET	0
David	WET	0
David	WET	0
Donald	WET	0
Donald	WET	0
Donald	WET	0
Donny	WET	0
Duane	WET	0
Edgar	WET	0
Edward	WET	0
Edward	WET	0
Elliott	WET	0
Florencio	WET	0
Francis	WET	0
Francis	WET	0
Francisco	WET	0
Frank	WET	0
Gary	WET	0
Gary	WET	0
George	WET	0
Glen	WET	0
Irvin	WET	0
Isidro	WET	0
Jack	WET	0
James	WET	0
James	WET	0
James	WET	0
James	WET	0
James	WET	0
Jason	WET	0
Jerome	WET	0
Jerry	WET	0
Joel	WET	0
John	WET	0
John	WET	0
John	WET	0
John	WET	0
Johnny	WET	0
Jon	WET	0
Jonathan	WET	0
Jonathan	WET	0
Joseph	WET	0
Kenneth	WET	0
Kevin	WET	0
Kris	WET	0
Larry	WET	0
Louis	WET	0
Luis	WET	0
Mark	WET	0
Michael	WET	0
Michael	WET	0
Michael	WET	0
Micheal	WET	0
Millard	WET	0
Patrick	WET	0
Peter	WET	0
Preston	WET	0
Ralph	WET	0
Reginald	WET	0
Richard	WET	0
Richard	WET	0
Robert	WET	0
Robert	WET	0
Robert	WET	0
Robert	WET	0
Robert	WET	0
Roberto	WET	0
Ron	WET	0
Ronald	WET	0
Stephen	WET	0
Steven	WET	0
Terry	WET	0
Todd	WET	0
Tracy	WET	0
Victor	WET	0
Wilbur	WET	0
William	WET	0
Williams	WET	0
Zachary	WET	0
SCOREBOARD:
James	DRY	1
Rodney	DRY	1
Ronald	DRY	1
Wesley	DRY	1
Aaron	DRY	0
Anthony	DRY	0
Arthur	DRY	0
Arturo	DRY	0
Austin	DRY	0
Barney	DRY	0
Brian	DRY	0
Cesar	DRY	0
Chester	DRY	0
Christopher	DRY	0
Clarence	DRY	0
Craig	DRY	0
Dallas	DRY	0
Darryl	DRY	0
David	DRY	0
David	DRY	0
David	DRY	0
David	DRY	0
Donald	DRY	0
Douglas	DRY	0
Eric	DRY	0
Ernest	DRY	0
Floyd	DRY	0
Frank	DRY	0
Frank	DRY	0
Garrett	DRY	0
George	DRY	0
George	DRY	0
George	DRY	0
Harold	DRY	0
Howard	DRY	0
Howard	DRY	0
James	DRY	0
James	DRY	0
James	DRY	0
James	DRY	0
Jerold	DRY	0
Jim	DRY	0
John	DRY	0
John	DRY	0
Johnny	DRY	0
Jonathan	DRY	0
Juan	DRY	0
Kenny	DRY	0
Larry	DRY	0
Leon	DRY	0
Leon	DRY	0
Lester	DRY	0
Marc	DRY	0
Marcelino	DRY	0
Mark	DRY	0
Mark	DRY	0
Martin	DRY	0
Mathew	DRY	0
Michael	DRY	0
Michael	DRY	0
Michael	DRY	0
Michael	DRY	0
Nicholas	DRY	0
Noel	DRY	0
Norman	DRY	0
Orlando	DRY	0
Phillip	DRY	0
Quentin	DRY	0
Ralph	DRY	0
Ramon	DRY	0
Reuben	DRY	0
Robert	DRY	0
Robert	DRY	0
Roger	DRY	0
Ronald	DRY	0
Russell	DRY	0
Russell	DRY	0
Stanley	DRY	0
Steve	DRY	0
Steven	DRY	0
Theodore	DRY	0
Thomas	DRY	0
Tim	DRY	0
Vincent	DRY	0
Wallace	DRY	0
Walter	DRY	0
William	DRY	0
Willie	DRY	0
Wm	DRY	0
Zachary	DRY	0
John	WET	1
Michael	WET	1
Russell	WET	1
Aaron	WET	0
Albert	WET	0
Anthony	WET	0
Ben	WET	0
Benjamin	WET	0
Benjamin	WET	0
Brandon	WET	0
Charles	WET	0
Chris	WET	0
Christopher	WET	0
Christopher	WET	0
Clifford	WET	0
Cody	WET	0
Corey	WET	0
Daniel	WET	0
David	WET	0
David	WET	0
Donald	WET	0
Donald	WET	0
Donald	WET	0
Donny	WET	0
Duane	WET	0
Edgar	WET	0
Edward	WET	0
Edward	WET	0
Elliott	WET	0
Florencio	WET	0
Francis	WET	0
Francis	WET	0
Francisco	WET	0
Frank	WET	0
Gary	WET	0
Gary	WET	0
George	WET	0
Glen	WET	0
Irvin	WET	0
Isidro	WET	0
Jack	WET	0
James	WET	0
James	WET	0
James	WET	0
James	WET	0
James	WET	0
Jason	WET	0
Jerome	WET	0
Jerry	WET	0
Joel	WET	0
John	WET	0
John	WET	0
John	WET	0
John	WET	0
Johnny	WET	0
Jon	WET	0
Jonathan	WET	0
Jonathan	WET	0
Joseph	WET	0
Kenneth	WET	0
Kevin	WET	0
Kris	WET	0
Larry	WET	0
Louis	WET	0
Luis	WET	0
Mark	WET	0
Michael	WET	0
Michael	WET	0
Michael	WET	0
Micheal	WET	0
Millard	WET	0
Patrick	WET	0
Peter	WET	0
Preston	WET	0
Ralph	WET	0
Reginald	WET	0
Richard	WET	0
Richard	WET	0
Robert	WET	0
Robert	WET	0
Robert	WET	0
Robert	WET	0
Robert	WET	0
Roberto	WET	0
Ron	WET	0
Ronald	WET	0
Stephen	WET	0
Steven	WET	0
Terry	WET	0
Todd	WET	0
Tracy	WET	0
Victor	WET	0
Wilbur	WET	0
William	WET	0
Williams	WET	0
Zachary	WET	0
SCOREBOARD:
James	DRY	1
Rodney	DRY	1
Ronald	DRY	1
Wesley	DRY	1
Aaron	DRY	0
Anthony	DRY	0
Arthur	DRY	0
Arturo	DRY	0
Austin	DRY	0
Barney	DRY	0
Brian	DRY	0
Cesar	DRY	0
Chester	DRY	0
Christopher	DRY	0
Clarence	DRY	0
Craig	DRY	0
Dallas	DRY	0
Darryl	DRY	0
David	DRY	0
David	DRY	0
David	DRY	0
David	DRY	0
Donald	DRY	0
Douglas	DRY	0
Eric	DRY	0
Ernest	DRY	0
Floyd	DRY	0
Frank	DRY	0
Frank	DRY	0
Garrett	DRY	0
George	DRY	0
George	DRY	0
George	DRY	0
Harold	DRY	0
Howard	DRY	0
Howard	DRY	0
James	DRY	0
James	DRY	0
James	DRY	0
James	DRY	0
Jerold	DRY	0
Jim	DRY	0
John	DRY	0
John	DRY	0
Johnny	DRY	0
Jonathan	DRY	0
Juan	DRY	0
Kenny	DRY	0
Larry	DRY	0
Leon	DRY	0
Leon	DRY	0
Lester	DRY	0
Marc	DRY	0
Marcelino	DRY	0
Mark	DRY	0
Mark	DRY	0
Martin	DRY	0
Mathew	DRY	0
Michael	DRY	0
Michael	DRY	0
Michael	DRY	0
Michael	DRY	0
Nicholas	DRY	0
Noel	DRY	0
Norman	DRY	0
Orlando	DRY	0
Phillip	DRY	0
Quentin	DRY	0
Ralph	DRY	0
Ramon	DRY	0
Reuben	DRY	0
Robert	DRY	0
Robert	DRY	0
Roger	DRY	0
Ronald	DRY	0
Russell	DRY	0
Russell	DRY	0
Stanley	DRY	0
Steve	DRY	0
Steven	DRY	0
Theodore	DRY	0
Thomas	DRY	0
Tim	DRY	0
Vincent	DRY	0
Wallace	DRY	0
Walter	DRY	0
William	DRY	0
Willie	DRY	0
Wm	DRY	0
Zachary	DRY	0
John	WET	1
Michael	WET	1
Russell	WET	1
Aaron	WET	0
Albert	WET	0
Anthony	WET	0
Ben	WET	0
Benjamin	WET	0
Benjamin	WET	0
Brandon	WET	0
Charles	WET	0
Chris	WET	0
Christopher	WET	0
Christopher	WET	0
Clifford	WET	0
Cody	WET	0
Corey	WET	0
Daniel	WET	0
David	WET	0
David	WET	0
Donald	WET	0
Donald	WET	0
Donald	WET	0
Donny	WET	0
Duane	WET	0
Edgar	WET	0
Edward	WET	0
Edward	WET	0
Elliott	WET	0
Florencio	WET	0
Francis	WET	0
Francis	WET	0
Francisco	WET	0
Frank	WET	0
Gary	WET	0
Gary	WET	0
George	WET	0
Glen	WET	0
Irvin	WET	0
Isidro	WET	0
Jack	WET	0
James	WET	0
James	WET	0
James	WET	0
James	WET	0
James	WET	0
Jason	WET	0
Jerome	WET	0
Jerry	WET	0
Joel	WET	0
John	WET	0
John	WET	0
John	WET	0
John	WET	0
Johnny	WET	0
Jon	WET	0
Jonathan	WET	0
Jonathan	WET	0
Joseph	WET	0
Kenneth	WET	0
Kevin	WET	0
Kris	WET	0
Larry	WET	0
Louis	WET	0
Luis	WET	0
Mark	WET	0
Michael	WET	0
Michael	WET	0
Michael	WET	0
Micheal	WET	0
Millard	WET	0
Patrick	WET	0
Peter	WET	0
Preston	WET	0
Ralph	WET	0
Reginald	WET	0
Richard	WET	0
Richard	WET	0
Robert	WET	0
Robert	WET	0
Robert	WET	0
Robert	WET	0
Robert	WET	0
Roberto	WET	0
Ron	WET	0
Ronald	WET	0
Stephen	WET	0
Steven	WET	0
Terry	WET	0
Todd	WET	0
Tracy	WET	0
Victor	WET	0
Wilbur	WET	0
William	WET	0
Williams	WET	0
Zachary	WET	0
SCOREBOARD:
James	DRY	1
Rodney	DRY	1
Ronald	DRY	1
Wesley	DRY	1
Aaron	DRY	0
Anthony	DRY	0
Arthur	DRY	0
Arturo	DRY	0
Austin	DRY	0
Barney	DRY	0
Brian	DRY	0
Cesar	DRY	0
Chester	DRY	0
Christopher	DRY	0
Clarence	DRY	0
Craig	DRY	0
Dallas	DRY	0
Darryl	DRY	0
David	DRY	0
David	DRY	0
David	DRY	0
David	DRY	0
Donald	DRY	0
Douglas	DRY	0
Eric	DRY	0
Ernest	DRY	0
Floyd	DRY	0
Frank	DRY	0
Frank	DRY	0
Garrett	DRY	0
George	DRY	0
George	DRY	0
George	DRY	0
Harold	DRY	0
Howard	DRY	0
Howard	DRY	0
James	DRY	0
James	DRY	0
James	DRY	0
James	DRY	0
Jerold	DRY	0
Jim	DRY	0
John	DRY	0
John	DRY	0
Johnny	DRY	0
Jonathan	DRY	0
Juan	DRY	0
Kenny	DRY	0
Larry	DRY	0
Leon	DRY	0
Leon	DRY	0
Lester	DRY	0
Marc	DRY	0
Marcelino	DRY	0
Mark	DRY	0
Mark	DRY	0
Martin	DRY	0
Mathew	DRY	0
Michael	DRY	0
Michael	DRY	0
Michael	DRY	0
Michael	DRY	0
Nicholas	DRY	0
Noel	DRY	0
Norman	DRY	0
Orlando	DRY	0
Phillip	DRY	0
Quentin	DRY	0
Ralph	DRY	0
Ramon	DRY	0
Reuben	DRY	0
Robert	DRY	0
Robert	DRY	0
Roger	DRY	0
Ronald	DRY	0
Russell	DRY	0
Russell	DRY	0
Stanley	DRY	0
Steve	DRY	0
Steven	DRY	0
Theodore	DRY	0
Thomas	DRY	0
Tim	DRY	0
Vincent	DRY	0
Wallace	DRY	0
Walter	DRY	0
William	DRY	0
Willie	DRY	0
Wm	DRY	0
Zachary	DRY	0
John	WET	1
Michael	WET	1
Russell	WET	1
Aaron	WET	0
Albert	WET	0
Anthony	WET	0
Ben	WET	0
Benjamin	WET	0
Benjamin	WET	0
Brandon	WET	0
Charles	WET	0
Chris	WET	0
Christopher	WET	0
Christopher	WET	0
Clifford	WET	0
Cody	WET	0
Corey	WET	0
Daniel	WET	0
David	WET	0
David	WET	0
Donald	WET	0
Donald	WET	0
Donald	WET	0
Donny	WET	0
Duane	WET	0
Edgar	WET	0
Edward	WET	0
Edward	WET	0
Elliott	WET	0
Florencio	WET	0
Francis	WET	0
Francis	WET	0
Francisco	WET	0
Frank	WET	0
Gary	WET	0
Gary	WET	0
George	WET	0
Glen	WET	0
Irvin	WET	0
Isidro	WET	0
Jack	WET	0
James	WET	0
James	WET	0
James	WET	0
James	WET	0
James	WET	0
Jason	WET	0
Jerome	WET	0
Jerry	WET	0
Joel	WET	0
John	WET	0
John	WET	0
John	WET	0
John	WET	0
Johnny	WET	0
Jon	WET	0
Jonathan	WET	0
Jonathan	WET	0
Joseph	WET	0
Kenneth	WET	0
Kevin	WET	0
Kris	WET	0
Larry	WET	0
Louis	WET	0
Luis	WET	0
Mark	WET	0
Michael	WET	0
Michael	WET	0
Michael	WET	0
Micheal	WET	0
Millard	WET	0
Patrick	WET	0
Peter	WET	0
Preston	WET	0
Ralph	WET	0
Reginald	WET	0
Richard	WET	0
Richard	WET	0
Robert	WET	0
Robert	WET	0
Robert	WET	0
Robert	WET	0
Robert	WET	0
Roberto	WET	0
Ron	WET	0
Ronald	WET	0
Stephen	WET	0
Steven	WET	0
Terry	WET	0
Todd	WET	0
Tracy	WET	0
Victor	WET	0
Wilbur	WET	0
William	WET	0
Williams	WET	0
Zachary	WET	0
SCOREBOARD:
James	DRY	1
Rodney	DRY	1
Ronald	DRY	1
Wesley	DRY	1
Aaron	DRY	0
Anthony	DRY	0
Arthur	DRY	0
Arturo	DRY	0
Austin	DRY	0
Barney	DRY	0
Brian	DRY	0
Cesar	DRY	0
Chester	DRY	0
Christopher	DRY	0
Clarence	DRY	0
Craig	DRY	0
Dallas	DRY	0
Darryl	DRY	0
David	DRY	0
David	DRY	0
David	DRY	0
David	DRY	0
Donald	DRY	0
Douglas	DRY	0
Eric	DRY	0
Ernest	DRY	0
Floyd	DRY	0
Frank	DRY	0
Frank	DRY	0
Garrett	DRY	0
George	DRY	0
George	DRY	0
George	DRY	0
Harold	DRY	0
Howard	DRY	0
Howard	DRY	0
James	DRY	0
James	DRY	0
James	DRY	0
James	DRY	0
Jerold	DRY	0
Jim	DRY	0
John	DRY	0
John	DRY	0
Johnny	DRY	0
Jonathan	DRY	0
Juan	DRY	0
Kenny	DRY	0
Larry	DRY	0
Leon	DRY	0
Leon	DRY	0
Lester	DRY	0
Marc	DRY	0
Marcelino	DRY	0
Mark	DRY	0
Mark	DRY	0
Martin	DRY	0
Mathew	DRY	0
Michael	DRY	0
Michael	DRY	0
Michael	DRY	0
Michael	DRY	0
Nicholas	DRY	0
Noel	DRY	0
Norman	DRY	0
Orlando	DRY	0
Phillip	DRY	0
Quentin	DRY	0
Ralph	DRY	0
Ramon	DRY	0
Reuben	DRY	0
Robert	DRY	0
Robert	DRY	0
Roger	DRY	0
Ronald	DRY	0
Russell	DRY	0
Russell	DRY	0
Stanley	DRY	0
Steve	DRY	0
Steven	DRY	0
Theodore	DRY	0
Thomas	DRY	0
Tim	DRY	0
Vincent	DRY	0
Wallace	DRY	0
Walter	DRY	0
William	DRY	0
Willie	DRY	0
Wm	DRY	0
Zachary	DRY	0
John	WET	1
Michael	WET	1
Russell	WET	1
Aaron	WET	0
Albert	WET	0
Anthony	WET	0
Ben	WET	0
Benjamin	WET	0
Benjamin	WET	0
Brandon	WET	0
Charles	WET	0
Chris	WET	0
Christopher	WET	0
Christopher	WET	0
Clifford	WET	0
Cody	WET	0
Corey	WET	0
Daniel	WET	0
David	WET	0
David	WET	0
Donald	WET	0
Donald	WET	0
Donald	WET	0
Donny	WET	0
Duane	WET	0
Edgar	WET	0
Edward	WET	0
Edward	WET	0
Elliott	WET	0
Florencio	WET	0
Francis	WET	0
Francis	WET	0
Francisco	WET	0
Frank	WET	0
Gary	WET	0
Gary	WET	0
George	WET	0
Glen	WET	0
Irvin	WET	0
Isidro	WET	0
Jack	WET	0
James	WET	0
James	WET	0
James	WET	0
James	WET	0
James	WET	0
Jason	WET	0
Jerome	WET	0
Jerry	WET	0
Joel	WET	0
John	WET	0
John	WET	0
John	WET	0
John	WET	0
Johnny	WET	0
Jon	WET	0
Jonathan	WET	0
Jonathan	WET	0
Joseph	WET	0
Kenneth	WET	0
Kevin	WET	0
Kris	WET	0
Larry	WET	0
Louis	WET	0
Luis	WET	0
Mark	WET	0
Michael	WET	0
Michael	WET	0
Michael	WET	0
Micheal	WET	0
Millard	WET	0
Patrick	WET	0
Peter	WET	0
Preston	WET	0
Ralph	WET	0
Reginald	WET	0
Richard	WET	0
Richard	WET	0
Robert	WET	0
Robert	WET	0
Robert	WET	0
Robert	WET	0
Robert	WET	0
Roberto	WET	0
Ron	WET	0
Ronald	WET	0
Stephen	WET	0
Steven	WET	0
Terry	WET	0
Todd	WET	0
Tracy	WET	0
Victor	WET	0
Wilbur	WET	0
William	WET	0
Williams	WET	0
Zachary	WET	0
James got wet because of global warming.
Mathew got wet because of global warming.
Tim got wet because of global warming.
Steven got wet because of global warming.
Michael got wet because of global warming.
Steve got wet because of global warming.
Michael got wet because of global warming.
Howard got wet because of global warming.
Donald got wet because of global warming.
Floyd sent Ronald back home.
SCOREBOARD:
Floyd	DRY	1
James	DRY	1
Rodney	DRY	1
Wesley	DRY	1
Aaron	DRY	0
Anthony	DRY	0
Arthur	DRY	0
Arturo	DRY	0
Austin	DRY	0
Barney	DRY	0
Brian	DRY	0
Cesar	DRY	0
Chester	DRY	0
Christopher	DRY	0
Clarence	DRY	0
Craig	DRY	0
Dallas	DRY	0
Darryl	DRY	0
David	DRY	0
David	DRY	0
David	DRY	0
David	DRY	0
Douglas	DRY	0
Eric	DRY	0
Ernest	DRY	0
Frank	DRY	0
Frank	DRY	0
Garrett	DRY	0
George	DRY	0
George	DRY	0
George	DRY	0
Harold	DRY	0
Howard	DRY	0
James	DRY	0
James	DRY	0
James	DRY	0
Jerold	DRY	0
Jim	DRY	0
John	DRY	0
John	DRY	0
Johnny	DRY	0
Jonathan	DRY	0
Juan	DRY	0
Kenny	DRY	0
Larry	DRY	0
Leon	DRY	0
Leon	DRY	0
Lester	DRY	0
Marc	DRY	0
Marcelino	DRY	0
Mark	DRY	0
Mark	DRY	0
Martin	DRY	0
Michael	DRY	0
Michael	DRY	0
Nicholas	DRY	0
Noel	DRY	0
Norman	DRY	0
Orlando	DRY	0
Phillip	DRY	0
Quentin	DRY	0
Ralph	DRY	0
Ramon	DRY	0
Reuben	DRY	0
Robert	DRY	0
Robert	DRY	0
Roger	DRY	0
Ronald	DRY	0
Russell	DRY	0
Russell	DRY	0
Stanley	DRY	0
Theodore	DRY	0
Thomas	DRY	0
Vincent	DRY	0
Wallace	DRY	0
Walter	DRY	0
William	DRY	0
Willie	DRY	0
Wm	DRY	0
Zachary	DRY	0
John	WET	1
Michael	WET	1
Ronald	WET	1
Russell	WET	1
Aaron	WET	0
Albert	WET	0
Anthony	WET	0
Ben	WET	0
Benjamin	WET	0
Benjamin	WET	0
Brandon	WET	0
Charles	WET	0
Chris	WET	0
Christopher	WET	0
Christopher	WET	0
Clifford	WET	0
Cody	WET	0
Corey	WET	0
Daniel	WET	0
David	WET	0
David	WET	0
Donald	WET	0
Donald	WET	0
Donald	WET	0
Donald	WET	0
Donny	WET	0
Duane	WET	0
Edgar	WET	0
Edward	WET	0
Edward	WET	0
Elliott	WET	0
Florencio	WET	0
Francis	WET	0
Francis	WET	0
Francisco	WET	0
Frank	WET	0
Gary	WET	0
Gary	WET	0
George	WET	0
Glen	WET	0
Howard	WET	0
Irvin	WET	0
Isidro	WET	0
Jack	WET	0
James	WET	0
James	WET	0
James	WET	0
James	WET	0
James	WET	0
James	WET	0
Jason	WET	0
Jerome	WET	0
Jerry	WET	0
Joel	WET	0
John	WET	0
John	WET	0
John	WET	0
John	WET	0
Johnny	WET	0
Jon	WET	0
Jonathan	WET	0
Jonathan	WET	0
Joseph	WET	0
Kenneth	WET	0
Kevin	WET	0
Kris	WET	0
Larry	WET	0
Louis	WET	0
Luis	WET	0
Mark	WET	0
Mathew	WET	0
Michael	WET	0
Michael	WET	0
Michael	WET	0
Michael	WET	0
Michael	WET	0
Micheal	WET	0
Millard	WET	0
Patrick	WET	0
Peter	WET	0
Preston	WET	0
Ralph	WET	0
Reginald	WET	0
Richard	WET	0
Richard	WET	0
Robert	WET	0
Robert	WET	0
Robert	WET	0
Robert	WET	0
Robert	WET	0
Roberto	WET	0
Ron	WET	0
Ronald	WET	0
Stephen	WET	0
Steve	WET	0
Steven	WET	0
Steven	WET	0
Terry	WET	0
Tim	WET	0
Todd	WET	0
Tracy	WET	0
Victor	WET	0
Wilbur	WET	0
William	WET	0
Williams	WET	0
Zachary	WET	0
Stanley fell off the glacier.
SCOREBOARD:
Floyd	DRY	1
James	DRY	1
Rodney	DRY	1
Wesley	DRY	1
Aaron	DRY	0
Anthony	DRY	0
Arthur	DRY	0
Arturo	DRY	0
Austin	DRY	0
Barney	DRY	0
Brian	DRY	0
Cesar	DRY	0
Chester	DRY	0
Christopher	DRY	0
Clarence	DRY	0
Craig	DRY	0
Dallas	DRY	0
Darryl	DRY	0
David	DRY	0
David	DRY	0
David	DRY	0
David	DRY	0
Douglas	DRY	0
Eric	DRY	0
Ernest	DRY	0
Frank	DRY	0
Frank	DRY	0
Garrett	DRY	0
George	DRY	0
George	DRY	0
George	DRY	0
Harold	DRY	0
Howard	DRY	0
James	DRY	0
James	DRY	0
James	DRY	0
Jerold	DRY	0
Jim	DRY	0
John	DRY	0
John	DRY	0
Johnny	DRY	0
Jonathan	DRY	0
Juan	DRY	0
Kenny	DRY	0
Larry	DRY	0
Leon	DRY	0
Leon	DRY	0
Lester	DRY	0
Marc	DRY	0
Marcelino	DRY	0
Mark	DRY	0
Mark	DRY	0
Martin	DRY	0
Michael	DRY	0
Michael	DRY	0
Nicholas	DRY	0
Noel	DRY	0
Norman	DRY	0
Orlando	DRY	0
Phillip	DRY	0
Quentin	DRY	0
Ralph	DRY	0
Ramon	DRY	0
Reuben	DRY	0
Robert	DRY	0
Robert	DRY	0
Roger	DRY	0
Ronald	DRY	0
Russell	DRY	0
Russell	DRY	0
Theodore	DRY	0
Thomas	DRY	0
Vincent	DRY	0
Wallace	DRY	0
Walter	DRY	0
William	DRY	0
Willie	DRY	0
Wm	DRY	0
Zachary	DRY	0
John	WET	1
Michael	WET	1
Ronald	WET	1
Russell	WET	1
Aaron	WET	0
Albert	WET	0
Anthony	WET	0
Ben	WET	0
Benjamin	WET	0
Benjamin	WET	0
Brandon	WET	0
Charles	WET	0
Chris	WET	0
Christopher	WET	0
Christopher	WET	0
Clifford	WET	0
Cody	WET	0
Corey	WET	0
Daniel	WET	0
David	WET	0
David	WET	0
Donald	WET	0
Donald	WET	0
Donald	WET	0
Donald	WET	0
Donny	WET	0
Duane	WET	0
Edgar	WET	0
Edward	WET	0
Edward	WET	0
Elliott	WET	0
Florencio	WET	0
Francis	WET	0
Francis	WET	0
Francisco	WET	0
Frank	WET	0
Gary	WET	0
Gary	WET	0
George	WET	0
Glen	WET	0
Howard	WET	0
Irvin	WET	0
Isidro	WET	0
Jack	WET	0
James	WET	0
James	WET	0
James	WET	0
James	WET	0
James	WET	0
James	WET	0
Jason	WET	0
Jerome	WET	0
Jerry	WET	0
Joel	WET	0
John	WET	0
John	WET	0
John	WET	0
John	WET	0
Johnny	WET	0
Jon	WET	0
Jonathan	WET	0
Jonathan	WET	0
Joseph	WET	0
Kenneth	WET	0
Kevin	WET	0
Kris	WET	0
Larry	WET	0
Louis	WET	0
Luis	WET	0
Mark	WET	0
Mathew	WET	0
Michael	WET	0
Michael	WET	0
Michael	WET	0
Michael	WET	0
Michael	WET	0
Micheal	WET	0
Millard	WET	0
Patrick	WET	0
Peter	WET	0
Preston	WET	0
Ralph	WET	0
Reginald	WET	0
Richard	WET	0
Richard	WET	0
Robert	WET	0
Robert	WET	0
Robert	WET	0
Robert	WET	0
Robert	WET	0
Roberto	WET	0
Ron	WET	0
Ronald	WET	0
Stanley	WET	0
Stephen	WET	0
Steve	WET	0
Steven	WET	0
Steven	WET	0
Terry	WET	0
Tim	WET	0
Todd	WET	0
Tracy	WET	0
Victor	WET	0
Wilbur	WET	0
William	WET	0
Williams	WET	0
Zachary	WET	0
Marcelino sent Eric back home.
SCOREBOARD:
Floyd	DRY	1
James	DRY	1
Marcelino	DRY	1
Rodney	DRY	1
Wesley	DRY	1
Aaron	DRY	0
Anthony	DRY	0
Arthur	DRY	0
Arturo	DRY	0
Austin	DRY	0
Barney	DRY	0
Brian	DRY	0
Cesar	DRY	0
Chester	DRY	0
Christopher	DRY	0
Clarence	DRY	0
Craig	DRY	0
Dallas	DRY	0
Darryl	DRY	0
David	DRY	0
David	DRY	0
David	DRY	0
David	DRY	0
Douglas	DRY	0
Ernest	DRY	0
Frank	DRY	0
Frank	DRY	0
Garrett	DRY	0
George	DRY	0
George	DRY	0
George	DRY	0
Harold	DRY	0
Howard	DRY	0
James	DRY	0
James	DRY	0
James	DRY	0
Jerold	DRY	0
Jim	DRY	0
John	DRY	0
John	DRY	0
Johnny	DRY	0
Jonathan	DRY	0
Juan	DRY	0
Kenny	DRY	0
Larry	DRY	0
Leon	DRY	0
Leon	DRY	0
Lester	DRY	0
Marc	DRY	0
Mark	DRY	0
Mark	DRY	0
Martin	DRY	0
Michael	DRY	0
Michael	DRY	0
Nicholas	DRY	0
Noel	DRY	0
Norman	DRY	0
Orlando	DRY	0
Phillip	DRY	0
Quentin	DRY	0
Ralph	DRY	0
Ramon	DRY	0
Reuben	DRY	0
Robert	DRY	0
Robert	DRY	0
Roger	DRY	0
Ronald	DRY	0
Russell	DRY	0
Russell	DRY	0
Theodore	DRY	0
Thomas	DRY	0
Vincent	DRY	0
Wallace	DRY	0
Walter	DRY	0
William	DRY	0
Willie	DRY	0
Wm	DRY	0
Zachary	DRY	0
John	WET	1
Michael	WET	1
Ronald	WET	1
Russell	WET	1
Aaron	WET	0
Albert	WET	0
Anthony	WET	0
Ben	WET	0
Benjamin	WET	0
Benjamin	WET	0
Brandon	WET	0
Charles	WET	0
Chris	WET	0
Christopher	WET	0
Christopher	WET	0
Clifford	WET	0
Cody	WET	0
Corey	WET	0
Daniel	WET	0
David	WET	0
David	WET	0
Donald	WET	0
Donald	WET	0
Donald	WET	0
Donald	WET	0
Donny	WET	0
Duane	WET	0
Edgar	WET	0
Edward	WET	0
Edward	WET	0
Elliott	WET	0
Eric	WET	0
Florencio	WET	0
Francis	WET	0
Francis	WET	0
Francisco	WET	0
Frank	WET	0
Gary	WET	0
Gary	WET	0
George	WET	0
Glen	WET	0
Howard	WET	0
Irvin	WET	0
Isidro	WET	0
Jack	WET	0
James	WET	0
James	WET	0
James	WET	0
James	WET	0
James	WET	0
James	WET	0
Jason	WET	0
Jerome	WET	0
Jerry	WET	0
Joel	WET	0
John	WET	0
John	WET	0
John	WET	0
John	WET	0
Johnny	WET	0
Jon	WET	0
Jonathan	WET	0
Jonathan	WET	0
Joseph	WET	0
Kenneth	WET	0
Kevin	WET	0
Kris	WET	0
Larry	WET	0
Louis	WET	0
Luis	WET	0
Mark	WET	0
Mathew	WET	0
Michael	WET	0
Michael	WET	0
Michael	WET	0
Michael	WET	0
Michael	WET	0
Micheal	WET	0
Millard	WET	0
Patrick	WET	0
Peter	WET	0
Preston	WET	0
Ralph	WET	0
Reginald	WET	0
Richard	WET	0
Richard	WET	0
Robert	WET	0
Robert	WET	0
Robert	WET	0
Robert	WET	0
Robert	WET	0
Roberto	WET	0
Ron	WET	0
Ronald	WET	0
Stanley	WET	0
Stephen	WET	0
Steve	WET	0
Steven	WET	0
Steven	WET	0
Terry	WET	0
Tim	WET	0
Todd	WET	0
Tracy	WET	0
Victor	WET	0
Wilbur	WET	0
William	WET	0
Williams	WET	0
Zachary	WET	0
SCOREBOARD:
Floyd	DRY	1
James	DRY	1
Marcelino	DRY	1
Rodney	DRY	1
Wesley	DRY	1
Aaron	DRY	0
Anthony	DRY	0
Arthur	DRY	0
Arturo	DRY	0
Austin	DRY	0
Barney	DRY	0
Brian	DRY	0
Cesar	DRY	0
Chester	DRY	0
Christopher	DRY	0
Clarence	DRY	0
Craig	DRY	0
Dallas	DRY	0
Darryl	DRY	0
David	DRY	0
David	DRY	0
David	DRY	0
David	DRY	0
Douglas	DRY	0
Ernest	DRY	0
Frank	DRY	0
Frank	DRY	0
Garrett	DRY	0
George	DRY	0
George	DRY	0
George	DRY	0
Harold	DRY	0
Howard	DRY	0
James	DRY	0
James	DRY	0
James	DRY	0
Jerold	DRY	0
Jim	DRY	0
John	DRY	0
John	DRY	0
Johnny	DRY	0
Jonathan	DRY	0
Juan	DRY	0
Kenny	DRY	0
Larry	DRY	0
Leon	DRY	0
Leon	DRY	0
Lester	DRY	0
Marc	DRY	0
Mark	DRY	0
Mark	DRY	0
Martin	DRY	0
Michael	DRY	0
Michael	DRY	0
Nicholas	DRY	0
Noel	DRY	0
Norman	DRY	0
Orlando	DRY	0
Phillip	DRY	0
Quentin	DRY	0
Ralph	DRY	0
Ramon	DRY	0
Reuben	DRY	0
Robert	DRY	0
Robert	DRY	0
Roger	DRY	0
Ronald	DRY	0
Russell	DRY	0
Russell	DRY	0
Theodore	DRY	0
Thomas	DRY	0
Vincent	DRY	0
Wallace	DRY	0
Walter	DRY	0
William	DRY	0
Willie	DRY	0
Wm	DRY	0
Zachary	DRY	0
John	WET	1
Michael	WET	1
Ronald	WET	1
Russell	WET	1
Aaron	WET	0
Albert	WET	0
Anthony	WET	0
Ben	WET	0
Benjamin	WET	0
Benjamin	WET	0
Brandon	WET	0
Charles	WET	0
Chris	WET	0
Christopher	WET	0
Christopher	WET	0
Clifford	WET	0
Cody	WET	0
Corey	WET	0
Daniel	WET	0
David	WET	0
David	WET	0
Donald	WET	0
Donald	WET	0
Donald	WET	0
Donald	WET	0
Donny	WET	0
Duane	WET	0
Edgar	WET	0
Edward	WET	0
Edward	WET	0
Elliott	WET	0
Eric	WET	0
Florencio	WET	0
Francis	WET	0
Francis	WET	0
Francisco	WET	0
Frank	WET	0
Gary	WET	0
Gary	WET	0
George	WET	0
Glen	WET	0
Howard	WET	0
Irvin	WET	0
Isidro	WET	0
Jack	WET	0
James	WET	0
James	WET	0
James	WET	0
James	WET	0
James	WET	0
James	WET	0
Jason	WET	0
Jerome	WET	0
Jerry	WET	0
Joel	WET	0
John	WET	0
John	WET	0
John	WET	0
John	WET	0
Johnny	WET	0
Jon	WET	0
Jonathan	WET	0
Jonathan	WET	0
Joseph	WET	0
Kenneth	WET	0
Kevin	WET	0
Kris	WET	0
Larry	WET	0
Louis	WET	0
Luis	WET	0
Mark	WET	0
Mathew	WET	0
Michael	WET	0
Michael	WET	0
Michael	WET	0
Michael	WET	0
Michael	WET	0
Micheal	WET	0
Millard	WET	0
Patrick	WET	0
Peter	WET	0
Preston	WET	0
Ralph	WET	0
Reginald	WET	0
Richard	WET	0
Richard	WET	0
Robert	WET	0
Robert	WET	0
Robert	WET	0
Robert	WET	0
Robert	WET	0
Roberto	WET	0
Ron	WET	0
Ronald	WET	0
Stanley	WET	0
Stephen	WET	0
Steve	WET	0
Steven	WET	0
Steven	WET	0
Terry	WET	0
Tim	WET	0
Todd	WET	0
Tracy	WET	0
Victor	WET	0
Wilbur	WET	0
William	WET	0
Williams	WET	0
Zachary	WET	0
SCOREBOARD:
Floyd	DRY	1
James	DRY	1
Marcelino	DRY	1
Rodney	DRY	1
Wesley	DRY	1
Aaron	DRY	0
Anthony	DRY	0
Arthur	DRY	0
Arturo	DRY	0
Austin	DRY	0
Barney	DRY	0
Brian	DRY	0
Cesar	DRY	0
Chester	DRY	0
Christopher	DRY	0
Clarence	DRY	0
Craig	DRY	0
Dallas	DRY	0
Darryl	DRY	0
David	DRY	0
David	DRY	0
David	DRY	0
David	DRY	0
Douglas	DRY	0
Ernest	DRY	0
Frank	DRY	0
Frank	DRY	0
Garrett	DRY	0
George	DRY	0
George	DRY	0
George	DRY	0
Harold	DRY	0
Howard	DRY	0
James	DRY	0
James	DRY	0
James	DRY	0
Jerold	DRY	0
Jim	DRY	0
John	DRY	0
John	DRY	0
Johnny	DRY	0
Jonathan	DRY	0
Juan	DRY	0
Kenny	DRY	0
Larry	DRY	0
Leon	DRY	0
Leon	DRY	0
Lester	DRY	0
Marc	DRY	0
Mark	DRY	0
Mark	DRY	0
Martin	DRY	0
Michael	DRY	0
Michael	DRY	0
Nicholas	DRY	0
Noel	DRY	0
Norman	DRY	0
Orlando	DRY	0
Phillip	DRY	0
Quentin	DRY	0
Ralph	DRY	0
Ramon	DRY	0
Reuben	DRY	0
Robert	DRY	0
Robert	DRY	0
Roger	DRY	0
Ronald	DRY	0
Russell	DRY	0
Russell	DRY	0
Theodore	DRY	0
Thomas	DRY	0
Vincent	DRY	0
Wallace	DRY	0
Walter	DRY	0
William	DRY	0
Willie	DRY	0
Wm	DRY	0
Zachary	DRY	0
John	WET	1
Michael	WET	1
Ronald	WET	1
Russell	WET	1
Aaron	WET	0
Albert	WET	0
Anthony	WET	0
Ben	WET	0
Benjamin	WET	0
Benjamin	WET	0
Brandon	WET	0
Charles	WET	0
Chris	WET	0
Christopher	WET	0
Christopher	WET	0
Clifford	WET	0
Cody	WET	0
Corey	WET	0
Daniel	WET	0
David	WET	0
David	WET	0
Donald	WET	0
Donald	WET	0
Donald	WET	0
Donald	WET	0
Donny	WET	0
Duane	WET	0
Edgar	WET	0
Edward	WET	0
Edward	WET	0
Elliott	WET	0
Eric	WET	0
Florencio	WET	0
Francis	WET	0
Francis	WET	0
Francisco	WET	0
Frank	WET	0
Gary	WET	0
Gary	WET	0
George	WET	0
Glen	WET	0
Howard	WET	0
Irvin	WET	0
Isidro	WET	0
Jack	WET	0
James	WET	0
James	WET	0
James	WET	0
James	WET	0
James	WET	0
James	WET	0
Jason	WET	0
Jerome	WET	0
Jerry	WET	0
Joel	WET	0
John	WET	0
John	WET	0
John	WET	0
John	WET	0
Johnny	WET	0
Jon	WET	0
Jonathan	WET	0
Jonathan	WET	0
Joseph	WET	0
Kenneth	WET	0
Kevin	WET	0
Kris	WET	0
Larry	WET	0
Louis	WET	0
Luis	WET	0
Mark	WET	0
Mathew	WET	0
Michael	WET	0
Michael	WET	0
Michael	WET	0
Michael	WET	0
Michael	WET	0
Micheal	WET	0
Millard	WET	0
Patrick	WET	0
Peter	WET	0
Preston	WET	0
Ralph	WET	0
Reginald	WET	0
Richard	WET	0
Richard	WET	0
Robert	WET	0
Robert	WET	0
Robert	WET	0
Robert	WET	0
Robert	WET	0
Roberto	WET	0
Ron	WET	0
Ronald	WET	0
Stanley	WET	0
Stephen	WET	0
Steve	WET	0
Steven	WET	0
Steven	WET	0
Terry	WET	0
Tim	WET	0
Todd	WET	0
Tracy	WET	0
Victor	WET	0
Wilbur	WET	0
William	WET	0
Williams	WET	0
Zachary	WET	0
Phillip fell off the glacier.
David fell off the glacier.
SCOREBOARD:
Floyd	DRY	1
James	DRY	1
Marcelino	DRY	1
Rodney	DRY	1
Wesley	DRY	1
Aaron	DRY	0
Anthony	DRY	0
Arthur	DRY	0
Arturo	DRY	0
Austin	DRY	0
Barney	DRY	0
Brian	DRY	0
Cesar	DRY	0
Chester	DRY	0
Christopher	DRY	0
Clarence	DRY	0
Craig	DRY	0
Dallas	DRY	0
Darryl	DRY	0
David	DRY	0
David	DRY	0
David	DRY	0
Douglas	DRY	0
Ernest	DRY	0
Frank	DRY	0
Frank	DRY	0
Garrett	DRY	0
George	DRY	0
George	DRY	0
George	DRY	0
Harold	DRY	0
Howard	DRY	0
James	DRY	0
James	DRY	0
James	DRY	0
Jerold	DRY	0
Jim	DRY	0
John	DRY	0
John	DRY	0
Johnny	DRY	0
Jonathan	DRY	0
Juan	DRY	0
Kenny	DRY	0
Larry	DRY	0
Leon	DRY	0
Leon	DRY	0
Lester	DRY	0
Marc	DRY	0
Mark	DRY	0
Mark	DRY	0
Martin	DRY	0
Michael	DRY	0
Michael	DRY	0
Nicholas	DRY	0
Noel	DRY	0
Norman	DRY	0
Orlando	DRY	0
Quentin	DRY	0
Ralph	DRY	0
Ramon	DRY	0
Reuben	DRY	0
Robert	DRY	0
Robert	DRY	0
Roger	DRY	0
Ronald	DRY	0
Russell	DRY	0
Russell	DRY	0
Theodore	DRY	0
Thomas	DRY	0
Vincent	DRY	0
Wallace	DRY	0
Walter	DRY	0
William	DRY	0
Willie	DRY	0
Wm	DRY	0
Zachary	DRY	0
John	WET	1
Michael	WET	1
Ronald	WET	1
Russell	WET	1
Aaron	WET	0
Albert	WET	0
Anthony	WET	0
Ben	WET	0
Benjamin	WET	0
Benjamin	WET	0
Brandon	WET	0
Charles	WET	0
Chris	WET	0
Christopher	WET	0
Christopher	WET	0
Clifford	WET	0
Cody	WET	0
Corey	WET	0
Daniel	WET	0
David	WET	0
David	WET	0
David	WET	0
Donald	WET	0
Donald	WET	0
Donald	WET	0
Donald	WET	0
Donny	WET	0
Duane	WET	0
Edgar	WET	0
Edward	WET	0
Edward	WET	0
Elliott	WET	0
Eric	WET	0
Florencio	WET	0
Francis	WET	0
Francis	WET	0
Francisco	WET	0
Frank	WET	0
Gary	WET	0
Gary	WET	0
George	WET	0
Glen	WET	0
Howard	WET	0
Irvin	WET	0
Isidro	WET	0
Jack	WET	0
James	WET	0
James	WET	0
James	WET	0
James	WET	0
James	WET	0
James	WET	0
Jason	WET	0
Jerome	WET	0
Jerry	WET	0
Joel	WET	0
John	WET	0
John	WET	0
John	WET	0
John	WET	0
Johnny	WET	0
Jon	WET	0
Jonathan	WET	0
Jonathan	WET	0
Joseph	WET	0
Kenneth	WET	0
Kevin	WET	0
Kris	WET	0
Larry	WET	0
Louis	WET	0
Luis	WET	0
Mark	WET	0
Mathew	WET	0
Michael	WET	0
Michael	WET	0
Michael	WET	0
Michael	WET	0
Michael	WET	0
Micheal	WET	0
Millard	WET	0
Patrick	WET	0
Peter	WET	0
Phillip	WET	0
Preston	WET	0
Ralph	WET	0
Reginald	WET	0
Richard	WET	0
Richard	WET	0
Robert	WET	0
Robert	WET	0
Robert	WET	0
Robert	WET	0
Robert	WET	0
Roberto	WET	0
Ron	WET	0
Ronald	WET	0
Stanley	WET	0
Stephen	WET	0
Steve	WET	0
Steven	WET	0
Steven	WET	0
Terry	WET	0
Tim	WET	0
Todd	WET	0
Tracy	WET	0
Victor	WET	0
Wilbur	WET	0
William	WET	0
Williams	WET	0
Zachary	WET	0
SCOREBOARD:
Floyd	DRY	1
James	DRY	1
Marcelino	DRY	1
Rodney	DRY	1
Wesley	DRY	1
Aaron	DRY	0
Anthony	DRY	0
Arthur	DRY	0
Arturo	DRY	0
Austin	DRY	0
Barney	DRY	0
Brian	DRY	0
Cesar	DRY	0
Chester	DRY	0
Christopher	DRY	0
Clarence	DRY	0
Craig	DRY	0
Dallas	DRY	0
Darryl	DRY	0
David	DRY	0
David	DRY	0
David	DRY	0
Douglas	DRY	0
Ernest	DRY	0
Frank	DRY	0
Frank	DRY	0
Garrett	DRY	0
George	DRY	0
George	DRY	0
George	DRY	0
Harold	DRY	0
Howard	DRY	0
James	DRY	0
James	DRY	0
James	DRY	0
Jerold	DRY	0
Jim	DRY	0
John	DRY	0
John	DRY	0
Johnny	DRY	0
Jonathan	DRY	0
Juan	DRY	0
Kenny	DRY	0
Larry	DRY	0
Leon	DRY	0
Leon	DRY	0
Lester	DRY	0
Marc	DRY	0
Mark	DRY	0
Mark	DRY	0
Martin	DRY	0
Michael	DRY	0
Michael	DRY	0
Nicholas	DRY	0
Noel	DRY	0
Norman	DRY	0
Orlando	DRY	0
Quentin	DRY	0
Ralph	DRY	0
Ramon	DRY	0
Reuben	DRY	0
Robert	DRY	0
Robert	DRY	0
Roger	DRY	0
Ronald	DRY	0
Russell	DRY	0
Russell	DRY	0
Theodore	DRY	0
Thomas	DRY	0
Vincent	DRY	0
Wallace	DRY	0
Walter	DRY	0
William	DRY	0
Willie	DRY	0
Wm	DRY	0
Zachary	DRY	0
John	WET	1
Michael	WET	1
Ronald	WET	1
Russell	WET	1
Aaron	WET	0
Albert	WET	0
Anthony	WET	0
Ben	WET	0
Benjamin	WET	0
Benjamin	WET	0
Brandon	WET	0
Charles	WET	0
Chris	WET	0
Christopher	WET	0
Christopher	WET	0
Clifford	WET	0
Cody	WET	0
Corey	WET	0
Daniel	WET	0
David	WET	0
David	WET	0
David	WET	0
Donald	WET	0
Donald	WET	0
Donald	WET	0
Donald	WET	0
Donny	WET	0
Duane	WET	0
Edgar	WET	0
Edward	WET	0
Edward	WET	0
Elliott	WET	0
Eric	WET	0
Florencio	WET	0
Francis	WET	0
Francis	WET	0
Francisco	WET	0
Frank	WET	0
Gary	WET	0
Gary	WET	0
George	WET	0
Glen	WET	0
Howard	WET	0
Irvin	WET	0
Isidro	WET	0
Jack	WET	0
James	WET	0
James	WET	0
James	WET	0
James	WET	0
James	WET	0
James	WET	0
Jason	WET	0
Jerome	WET	0
Jerry	WET	0
Joel	WET	0
John	WET	0
John	WET	0
John	WET	0
John	WET	0
Johnny	WET	0
Jon	WET	0
Jonathan	WET	0
Jonathan	WET	0
Joseph	WET	0
Kenneth	WET	0
Kevin	WET	0
Kris	WET	0
Larry	WET	0
Louis	WET	0
Luis	WET	0
Mark	WET	0
Mathew	WET	0
Michael	WET	0
Michael	WET	0
Michael	WET	0
Michael	WET	0
Michael	WET	0
Micheal	WET	0
Millard	WET	0
Patrick	WET	0
Peter	WET	0
Phillip	WET	0
Preston	WET	0
Ralph	WET	0
Reginald	WET	0
Richard	WET	0
Richard	WET	0
Robert	WET	0
Robert	WET	0
Robert	WET	0
Robert	WET	0
Robert	WET	0
Roberto	WET	0
Ron	WET	0
Ronald	WET	0
Stanley	WET	0
Stephen	WET	0
Steve	WET	0
Steven	WET	0
Steven	WET	0
Terry	WET	0
Tim	WET	0
Todd	WET	0
Tracy	WET	0
Victor	WET	0
Wilbur	WET	0
William	WET	0
Williams	WET	0
Zachary	WET	0
Martin sent Larry back home.
Brian sent Garrett back home.
SCOREBOARD:
Brian	DRY	1
Floyd	DRY	1
James	DRY	1
Marcelino	DRY	1
Martin	DRY	1
Rodney	DRY	1
Wesley	DRY	1
Aaron	DRY	0
Anthony	DRY	0
Arthur	DRY	0
Arturo	DRY	0
Austin	DRY	0
Barney	DRY	0
Cesar	DRY	0
Chester	DRY	0
Christopher	DRY	0
Clarence	DRY	0
Craig	DRY	0
Dallas	DRY	0
Darryl	DRY	0
David	DRY	0
David	DRY	0
David	DRY	0
Douglas	DRY	0
Ernest	DRY	0
Frank	DRY	0
Frank	DRY	0
George	DRY	0
George	DRY	0
George	DRY	0
Harold	DRY	0
Howard	DRY	0
James	DRY	0
James	DRY	0
James	DRY	0
Jerold	DRY	0
Jim	DRY	0
John	DRY	0
John	DRY	0
Johnny	DRY	0
Jonathan	DRY	0
Juan	DRY	0
Kenny	DRY	0
Leon	DRY	0
Leon	DRY	0
Lester	DRY	0
Marc	DRY	0
Mark	DRY	0
Mark	DRY	0
Michael	DRY	0
Michael	DRY	0
Nicholas	DRY	0
Noel	DRY	0
Norman	DRY	0
Orlando	DRY	0
Quentin	DRY	0
Ralph	DRY	0
Ramon	DRY	0
Reuben	DRY	0
Robert	DRY	0
Robert	DRY	0
Roger	DRY	0
Ronald	DRY	0
Russell	DRY	0
Russell	DRY	0
Theodore	DRY	0
Thomas	DRY	0
Vincent	DRY	0
Wallace	DRY	0
Walter	DRY	0
William	DRY	0
Willie	DRY	0
Wm	DRY	0
Zachary	DRY	0
John	WET	1
Michael	WET	1
Ronald	WET	1
Russell	WET	1
Aaron	WET	0
Albert	WET	0
Anthony	WET	0
Ben	WET	0
Benjamin	WET	0
Benjamin	WET	0
Brandon	WET	0
Charles	WET	0
Chris	WET	0
Christopher	WET	0
Christopher	WET	0
Clifford	WET	0
Cody	WET	0
Corey	WET	0
Daniel	WET	0
David	WET	0
David	WET	0
David	WET	0
Donald	WET	0
Donald	WET	0
Donald	WET	0
Donald	WET	0
Donny	WET	0
Duane	WET	0
Edgar	WET	0
Edward	WET	0
Edward	WET	0
Elliott	WET	0
Eric	WET	0
Florencio	WET	0
Francis	WET	0
Francis	WET	0
Francisco	WET	0
Frank	WET	0
Garrett	WET	0
Gary	WET	0
Gary	WET	0
George	WET	0
Glen	WET	0
Howard	WET	0
Irvin	WET	0
Isidro	WET	0
Jack	WET	0
James	WET	0
James	WET	0
James	WET	0
James	WET	0
James	WET	0
James	WET	0
Jason	WET	0
Jerome	WET	0
Jerry	WET	0
Joel	WET	0
John	WET	0
John	WET	0
John	WET	0
John	WET	0
Johnny	WET	0
Jon	WET	0
Jonathan	WET	0
Jonathan	WET	0
Joseph	WET	0
Kenneth	WET	0
Kevin	WET	0
Kris	WET	0
Larry	WET	0
Larry	WET	0
Louis	WET	0
Luis	WET	0
Mark	WET	0
Mathew	WET	0
Michael	WET	0
Michael	WET	0
Michael	WET	0
Michael	WET	0
Michael	WET	0
Micheal	WET	0
Millard	WET	0
Patrick	WET	0
Peter	WET	0
Phillip	WET	0
Preston	WET	0
Ralph	WET	0
Reginald	WET	0
Richard	WET	0
Richard	WET	0
Robert	WET	0
Robert	WET	0
Robert	WET	0
Robert	WET	0
Robert	WET	0
Roberto	WET	0
Ron	WET	0
Ronald	WET	0
Stanley	WET	0
Stephen	WET	0
Steve	WET	0
Steven	WET	0
Steven	WET	0
Terry	WET	0
Tim	WET	0
Todd	WET	0
Tracy	WET	0
Victor	WET	0
Wilbur	WET	0
William	WET	0
Williams	WET	0
Zachary	WET	0
Kenny fell off the glacier.
SCOREBOARD:
Brian	DRY	1
Floyd	DRY	1
James	DRY	1
Marcelino	DRY	1
Martin	DRY	1
Rodney	DRY	1
Wesley	DRY	1
Aaron	DRY	0
Anthony	DRY	0
Arthur	DRY	0
Arturo	DRY	0
Austin	DRY	0
Barney	DRY	0
Cesar	DRY	0
Chester	DRY	0
Christopher	DRY	0
Clarence	DRY	0
Craig	DRY	0
Dallas	DRY	0
Darryl	DRY	0
David	DRY	0
David	DRY	0
David	DRY	0
Douglas	DRY	0
Ernest	DRY	0
Frank	DRY	0
Frank	DRY	0
George	DRY	0
George	DRY	0
George	DRY	0
Harold	DRY	0
Howard	DRY	0
James	DRY	0
James	DRY	0
James	DRY	0
Jerold	DRY	0
Jim	DRY	0
John	DRY	0
John	DRY	0
Johnny	DRY	0
Jonathan	DRY	0
Juan	DRY	0
Leon	DRY	0
Leon	DRY	0
Lester	DRY	0
Marc	DRY	0
Mark	DRY	0
Mark	DRY	0
Michael	DRY	0
Michael	DRY	0
Nicholas	DRY	0
Noel	DRY	0
Norman	DRY	0
Orlando	DRY	0
Quentin	DRY	0
Ralph	DRY	0
Ramon	DRY	0
Reuben	DRY	0
Robert	DRY	0
Robert	DRY	0
Roger	DRY	0
Ronald	DRY	0
Russell	DRY	0
Russell	DRY	0
Theodore	DRY	0
Thomas	DRY	0
Vincent	DRY	0
Wallace	DRY	0
Walter	DRY	0
William	DRY	0
Willie	DRY	0
Wm	DRY	0
Zachary	DRY	0
John	WET	1
Michael	WET	1
Ronald	WET	1
Russell	WET	1
Aaron	WET	0
Albert	WET	0
Anthony	WET	0
Ben	WET	0
Benjamin	WET	0
Benjamin	WET	0
Brandon	WET	0
Charles	WET	0
Chris	WET	0
Christopher	WET	0
Christopher	WET	0
Clifford	WET	0
Cody	WET	0
Corey	WET	0
Daniel	WET	0
David	WET	0
David	WET	0
David	WET	0
Donald	WET	0
Donald	WET	0
Donald	WET	0
Donald	WET	0
Donny	WET	0
Duane	WET	0
Edgar	WET	0
Edward	WET	0
Edward	WET	0
Elliott	WET	0
Eric	WET	0
Florencio	WET	0
Francis	WET	0
Francis	WET	0
Francisco	WET	0
Frank	WET	0
Garrett	WET	0
Gary	WET	0
Gary	WET	0
George	WET	0
Glen	WET	0
Howard	WET	0
Irvin	WET	0
Isidro	WET	0
Jack	WET	0
James	WET	0
James	WET	0
James	WET	0
James	WET	0
James	WET	0
James	WET	0
Jason	WET	0
Jerome	WET	0
Jerry	WET	0
Joel	WET	0
John	WET	0
John	WET	0
John	WET	0
John	WET	0
Johnny	WET	0
Jon	WET	0
Jonathan	WET	0
Jonathan	WET	0
Joseph	WET	0
Kenneth	WET	0
Kenny	WET	0
Kevin	WET	0
Kris	WET	0
Larry	WET	0
Larry	WET	0
Louis	WET	0
Luis	WET	0
Mark	WET	0
Mathew	WET	0
Michael	WET	0
Michael	WET	0
Michael	WET	0
Michael	WET	0
Michael	WET	0
Micheal	WET	0
Millard	WET	0
Patrick	WET	0
Peter	WET	0
Phillip	WET	0
Preston	WET	0
Ralph	WET	0
Reginald	WET	0
Richard	WET	0
Richard	WET	0
Robert	WET	0
Robert	WET	0
Robert	WET	0
Robert	WET	0
Robert	WET	0
Roberto	WET	0
Ron	WET	0
Ronald	WET	0
Stanley	WET	0
Stephen	WET	0
Steve	WET	0
Steven	WET	0
Steven	WET	0
Terry	WET	0
Tim	WET	0
Todd	WET	0
Tracy	WET	0
Victor	WET	0
Wilbur	WET	0
William	WET	0
Williams	WET	0
Zachary	WET	0
SCOREBOARD:
Brian	DRY	1
Floyd	DRY	1
James	DRY	1
Marcelino	DRY	1
Martin	DRY	1
Rodney	DRY	1
Wesley	DRY	1
Aaron	DRY	0
Anthony	DRY	0
Arthur	DRY	0
Arturo	DRY	0
Austin	DRY	0
Barney	DRY	0
Cesar	DRY	0
Chester	DRY	0
Christopher	DRY	0
Clarence	DRY	0
Craig	DRY	0
Dallas	DRY	0
Darryl	DRY	0
David	DRY	0
David	DRY	0
David	DRY	0
Douglas	DRY	0
Ernest	DRY	0
Frank	DRY	0
Frank	DRY	0
George	DRY	0
George	DRY	0
George	DRY	0
Harold	DRY	0
Howard	DRY	0
James	DRY	0
James	DRY	0
James	DRY	0
Jerold	DRY	0
Jim	DRY	0
John	DRY	0
John	DRY	0
Johnny	DRY	0
Jonathan	DRY	0
Juan	DRY	0
Leon	DRY	0
Leon	DRY	0
Lester	DRY	0
Marc	DRY	0
Mark	DRY	0
Mark	DRY	0
Michael	DRY	0
Michael	DRY	0
Nicholas	DRY	0
Noel	DRY	0
Norman	DRY	0
Orlando	DRY	0
Quentin	DRY	0
Ralph	DRY	0
Ramon	DRY	0
Reuben	DRY	0
Robert	DRY	0
Robert	DRY	0
Roger	DRY	0
Ronald	DRY	0
Russell	DRY	0
Russell	DRY	0
Theodore	DRY	0
Thomas	DRY	0
Vincent	DRY	0
Wallace	DRY	0
Walter	DRY	0
William	DRY	0
Willie	DRY	0
Wm	DRY	0
Zachary	DRY	0
John	WET	1
Michael	WET	1
Ronald	WET	1
Russell	WET	1
Aaron	WET	0
Albert	WET	0
Anthony	WET	0
Ben	WET	0
Benjamin	WET	0
Benjamin	WET	0
Brandon	WET	0
Charles	WET	0
Chris	WET	0
Christopher	WET	0
Christopher	WET	0
Clifford	WET	0
Cody	WET	0
Corey	WET	0
Daniel	WET	0
David	WET	0
David	WET	0
David	WET	0
Donald	WET	0
Donald	WET	0
Donald	WET	0
Donald	WET	0
Donny	WET	0
Duane	WET	0
Edgar	WET	0
Edward	WET	0
Edward	WET	0
Elliott	WET	0
Eric	WET	0
Florencio	WET	0
Francis	WET	0
Francis	WET	0
Francisco	WET	0
Frank	WET	0
Garrett	WET	0
Gary	WET	0
Gary	WET	0
George	WET	0
Glen	WET	0
Howard	WET	0
Irvin	WET	0
Isidro	WET	0
Jack	WET	0
James	WET	0
James	WET	0
James	WET	0
James	WET	0
James	WET	0
James	WET	0
Jason	WET	0
Jerome	WET	0
Jerry	WET	0
Joel	WET	0
John	WET	0
John	WET	0
John	WET	0
John	WET	0
Johnny	WET	0
Jon	WET	0
Jonathan	WET	0
Jonathan	WET	0
Joseph	WET	0
Kenneth	WET	0
Kenny	WET	0
Kevin	WET	0
Kris	WET	0
Larry	WET	0
Larry	WET	0
Louis	WET	0
Luis	WET	0
Mark	WET	0
Mathew	WET	0
Michael	WET	0
Michael	WET	0
Michael	WET	0
Michael	WET	0
Michael	WET	0
Micheal	WET	0
Millard	WET	0
Patrick	WET	0
Peter	WET	0
Phillip	WET	0
Preston	WET	0
Ralph	WET	0
Reginald	WET	0
Richard	WET	0
Richard	WET	0
Robert	WET	0
Robert	WET	0
Robert	WET	0
Robert	WET	0
Robert	WET	0
Roberto	WET	0
Ron	WET	0
Ronald	WET	0
Stanley	WET	0
Stephen	WET	0
Steve	WET	0
Steven	WET	0
Steven	WET	0
Terry	WET	0
Tim	WET	0
Todd	WET	0
Tracy	WET	0
Victor	WET	0
Wilbur	WET	0
William	WET	0
Williams	WET	0
Zachary	WET	0
SCOREBOARD:
Brian	DRY	1
Floyd	DRY	1
James	DRY	1
Marcelino	DRY	1
Martin	DRY	1
Rodney	DRY	1
Wesley	DRY	1
Aaron	DRY	0
Anthony	DRY	0
Arthur	DRY	0
Arturo	DRY	0
Austin	DRY	0
Barney	DRY	0
Cesar	DRY	0
Chester	DRY	0
Christopher	DRY	0
Clarence	DRY	0
Craig	DRY	0
Dallas	DRY	0
Darryl	DRY	0
David	DRY	0
David	DRY	0
David	DRY	0
Douglas	DRY	0
Ernest	DRY	0
Frank	DRY	0
Frank	DRY	0
George	DRY	0
George	DRY	0
George	DRY	0
Harold	DRY	0
Howard	DRY	0
James	DRY	0
James	DRY	0
James	DRY	0
Jerold	DRY	0
Jim	DRY	0
John	DRY	0
John	DRY	0
Johnny	DRY	0
Jonathan	DRY	0
Juan	DRY	0
Leon	DRY	0
Leon	DRY	0
Lester	DRY	0
Marc	DRY	0
Mark	DRY	0
Mark	DRY	0
Michael	DRY	0
Michael	DRY	0
Nicholas	DRY	0
Noel	DRY	0
Norman	DRY	0
Orlando	DRY	0
Quentin	DRY	0
Ralph	DRY	0
Ramon	DRY	0
Reuben	DRY	0
Robert	DRY	0
Robert	DRY	0
Roger	DRY	0
Ronald	DRY	0
Russell	DRY	0
Russell	DRY	0
Theodore	DRY	0
Thomas	DRY	0
Vincent	DRY	0
Wallace	DRY	0
Walter	DRY	0
William	DRY	0
Willie	DRY	0
Wm	DRY	0
Zachary	DRY	0
John	WET	1
Michael	WET	1
Ronald	WET	1
Russell	WET	1
Aaron	WET	0
Albert	WET	0
Anthony	WET	0
Ben	WET	0
Benjamin	WET	0
Benjamin	WET	0
Brandon	WET	0
Charles	WET	0
Chris	WET	0
Christopher	WET	0
Christopher	WET	0
Clifford	WET	0
Cody	WET	0
Corey	WET	0
Daniel	WET	0
David	WET	0
David	WET	0
David	WET	0
Donald	WET	0
Donald	WET	0
Donald	WET	0
Donald	WET	0
Donny	WET	0
Duane	WET	0
Edgar	WET	0
Edward	WET	0
Edward	WET	0
Elliott	WET	0
Eric	WET	0
Florencio	WET	0
Francis	WET	0
Francis	WET	0
Francisco	WET	0
Frank	WET	0
Garrett	WET	0
Gary	WET	0
Gary	WET	0
George	WET	0
Glen	WET	0
Howard	WET	0
Irvin	WET	0
Isidro	WET	0
Jack	WET	0
James	WET	0
James	WET	0
James	WET	0
James	WET	0
James	WET	0
James	WET	0
Jason	WET	0
Jerome	WET	0
Jerry	WET	0
Joel	WET	0
John	WET	0
John	WET	0
John	WET	0
John	WET	0
Johnny	WET	0
Jon	WET	0
Jonathan	WET	0
Jonathan	WET	0
Joseph	WET	0
Kenneth	WET	0
Kenny	WET	0
Kevin	WET	0
Kris	WET	0
Larry	WET	0
Larry	WET	0
Louis	WET	0
Luis	WET	0
Mark	WET	0
Mathew	WET	0
Michael	WET	0
Michael	WET	0
Michael	WET	0
Michael	WET	0
Michael	WET	0
Micheal	WET	0
Millard	WET	0
Patrick	WET	0
Peter	WET	0
Phillip	WET	0
Preston	WET	0
Ralph	WET	0
Reginald	WET	0
Richard	WET	0
Richard	WET	0
Robert	WET	0
Robert	WET	0
Robert	WET	0
Robert	WET	0
Robert	WET	0
Roberto	WET	0
Ron	WET	0
Ronald	WET	0
Stanley	WET	0
Stephen	WET	0
Steve	WET	0
Steven	WET	0
Steven	WET	0
Terry	WET	0
Tim	WET	0
Todd	WET	0
Tracy	WET	0
Victor	WET	0
Wilbur	WET	0
William	WET	0
Williams	WET	0
Zachary	WET	0
SCOREBOARD:
Brian	DRY	1
Floyd	DRY	1
James	DRY	1
Marcelino	DRY	1
Martin	DRY	1
Rodney	DRY	1
Wesley	DRY	1
Aaron	DRY	0
Anthony	DRY	0
Arthur	DRY	0
Arturo	DRY	0
Austin	DRY	0
Barney	DRY	0
Cesar	DRY	0
Chester	DRY	0
Christopher	DRY	0
Clarence	DRY	0
Craig	DRY	0
Dallas	DRY	0
Darryl	DRY	0
David	DRY	0
David	DRY	0
David	DRY	0
Douglas	DRY	0
Ernest	DRY	0
Frank	DRY	0
Frank	DRY	0
George	DRY	0
George	DRY	0
George	DRY	0
Harold	DRY	0
Howard	DRY	0
James	DRY	0
James	DRY	0
James	DRY	0
Jerold	DRY	0
Jim	DRY	0
John	DRY	0
John	DRY	0
Johnny	DRY	0
Jonathan	DRY	0
Juan	DRY	0
Leon	DRY	0
Leon	DRY	0
Lester	DRY	0
Marc	DRY	0
Mark	DRY	0
Mark	DRY	0
Michael	DRY	0
Michael	DRY	0
Nicholas	DRY	0
Noel	DRY	0
Norman	DRY	0
Orlando	DRY	0
Quentin	DRY	0
Ralph	DRY	0
Ramon	DRY	0
Reuben	DRY	0
Robert	DRY	0
Robert	DRY	0
Roger	DRY	0
Ronald	DRY	0
Russell	DRY	0
Russell	DRY	0
Theodore	DRY	0
Thomas	DRY	0
Vincent	DRY	0
Wallace	DRY	0
Walter	DRY	0
William	DRY	0
Willie	DRY	0
Wm	DRY	0
Zachary	DRY	0
John	WET	1
Michael	WET	1
Ronald	WET	1
Russell	WET	1
Aaron	WET	0
Albert	WET	0
Anthony	WET	0
Ben	WET	0
Benjamin	WET	0
Benjamin	WET	0
Brandon	WET	0
Charles	WET	0
Chris	WET	0
Christopher	WET	0
Christopher	WET	0
Clifford	WET	0
Cody	WET	0
Corey	WET	0
Daniel	WET	0
David	WET	0
David	WET	0
David	WET	0
Donald	WET	0
Donald	WET	0
Donald	WET	0
Donald	WET	0
Donny	WET	0
Duane	WET	0
Edgar	WET	0
Edward	WET	0
Edward	WET	0
Elliott	WET	0
Eric	WET	0
Florencio	WET	0
Francis	WET	0
Francis	WET	0
Francisco	WET	0
Frank	WET	0
Garrett	WET	0
Gary	WET	0
Gary	WET	0
George	WET	0
Glen	WET	0
Howard	WET	0
Irvin	WET	0
Isidro	WET	0
Jack	WET	0
James	WET	0
James	WET	0
James	WET	0
James	WET	0
James	WET	0
James	WET	0
Jason	WET	0
Jerome	WET	0
Jerry	WET	0
Joel	WET	0
John	WET	0
John	WET	0
John	WET	0
John	WET	0
Johnny	WET	0
Jon	WET	0
Jonathan	WET	0
Jonathan	WET	0
Joseph	WET	0
Kenneth	WET	0
Kenny	WET	0
Kevin	WET	0
Kris	WET	0
Larry	WET	0
Larry	WET	0
Louis	WET	0
Luis	WET	0
Mark	WET	0
Mathew	WET	0
Michael	WET	0
Michael	WET	0
Michael	WET	0
Michael	WET	0
Michael	WET	0
Micheal	WET	0
Millard	WET	0
Patrick	WET	0
Peter	WET	0
Phillip	WET	0
Preston	WET	0
Ralph	WET	0
Reginald	WET	0
Richard	WET	0
Richard	WET	0
Robert	WET	0
Robert	WET	0
Robert	WET	0
Robert	WET	0
Robert	WET	0
Roberto	WET	0
Ron	WET	0
Ronald	WET	0
Stanley	WET	0
Stephen	WET	0
Steve	WET	0
Steven	WET	0
Steven	WET	0
Terry	WET	0
Tim	WET	0
Todd	WET	0
Tracy	WET	0
Victor	WET	0
Wilbur	WET	0
William	WET	0
Williams	WET	0
Zachary	WET	0
Russell sent Marcelino back home.
SCOREBOARD:
Brian	DRY	1
Floyd	DRY	1
James	DRY	1
Martin	DRY	1
Rodney	DRY	1
Russell	DRY	1
Wesley	DRY	1
Aaron	DRY	0
Anthony	DRY	0
Arthur	DRY	0
Arturo	DRY	0
Austin	DRY	0
Barney	DRY	0
Cesar	DRY	0
Chester	DRY	0
Christopher	DRY	0
Clarence	DRY	0
Craig	DRY	0
Dallas	DRY	0
Darryl	DRY	0
David	DRY	0
David	DRY	0
David	DRY	0
Douglas	DRY	0
Ernest	DRY	0
Frank	DRY	0
Frank	DRY	0
George	DRY	0
George	DRY	0
George	DRY	0
Harold	DRY	0
Howard	DRY	0
James	DRY	0
James	DRY	0
James	DRY	0
Jerold	DRY	0
Jim	DRY	0
John	DRY	0
John	DRY	0
Johnny	DRY	0
Jonathan	DRY	0
Juan	DRY	0
Leon	DRY	0
Leon	DRY	0
Lester	DRY	0
Marc	DRY	0
Mark	DRY	0
Mark	DRY	0
Michael	DRY	0
Michael	DRY	0
Nicholas	DRY	0
Noel	DRY	0
Norman	DRY	0
Orlando	DRY	0
Quentin	DRY	0
Ralph	DRY	0
Ramon	DRY	0
Reuben	DRY	0
Robert	DRY	0
Robert	DRY	0
Roger	DRY	0
Ronald	DRY	0
Russell	DRY	0
Theodore	DRY	0
Thomas	DRY	0
Vincent	DRY	0
Wallace	DRY	0
Walter	DRY	0
William	DRY	0
Willie	DRY	0
Wm	DRY	0
Zachary	DRY	0
John	WET	1
Marcelino	WET	1
Michael	WET	1
Ronald	WET	1
Russell	WET	1
Aaron	WET	0
Albert	WET	0
Anthony	WET	0
Ben	WET	0
Benjamin	WET	0
Benjamin	WET	0
Brandon	WET	0
Charles	WET	0
Chris	WET	0
Christopher	WET	0
Christopher	WET	0
Clifford	WET	0
Cody	WET	0
Corey	WET	0
Daniel	WET	0
David	WET	0
David	WET	0
David	WET	0
Donald	WET	0
Donald	WET	0
Donald	WET	0
Donald	WET	0
Donny	WET	0
Duane	WET	0
Edgar	WET	0
Edward	WET	0
Edward	WET	0
Elliott	WET	0
Eric	WET	0
Florencio	WET	0
Francis	WET	0
Francis	WET	0
Francisco	WET	0
Frank	WET	0
Garrett	WET	0
Gary	WET	0
Gary	WET	0
George	WET	0
Glen	WET	0
Howard	WET	0
Irvin	WET	0
Isidro	WET	0
Jack	WET	0
James	WET	0
James	WET	0
James	WET	0
James	WET	0
James	WET	0
James	WET	0
Jason	WET	0
Jerome	WET	0
Jerry	WET	0
Joel	WET	0
John	WET	0
John	WET	0
John	WET	0
John	WET	0
Johnny	WET	0
Jon	WET	0
Jonathan	WET	0
Jonathan	WET	0
Joseph	WET	0
Kenneth	WET	0
Kenny	WET	0
Kevin	WET	0
Kris	WET	0
Larry	WET	0
Larry	WET	0
Louis	WET	0
Luis	WET	0
Mark	WET	0
Mathew	WET	0
Michael	WET	0
Michael	WET	0
Michael	WET	0
Michael	WET	0
Michael	WET	0
Micheal	WET	0
Millard	WET	0
Patrick	WET	0
Peter	WET	0
Phillip	WET	0
Preston	WET	0
Ralph	WET	0
Reginald	WET	0
Richard	WET	0
Richard	WET	0
Robert	WET	0
Robert	WET	0
Robert	WET	0
Robert	WET	0
Robert	WET	0
Roberto	WET	0
Ron	WET	0
Ronald	WET	0
Stanley	WET	0
Stephen	WET	0
Steve	WET	0
Steven	WET	0
Steven	WET	0
Terry	WET	0
Tim	WET	0
Todd	WET	0
Tracy	WET	0
Victor	WET	0
Wilbur	WET	0
William	WET	0
Williams	WET	0
Zachary	WET	0
SCOREBOARD:
Brian	DRY	1
Floyd	DRY	1
James	DRY	1
Martin	DRY	1
Rodney	DRY	1
Russell	DRY	1
Wesley	DRY	1
Aaron	DRY	0
Anthony	DRY	0
Arthur	DRY	0
Arturo	DRY	0
Austin	DRY	0
Barney	DRY	0
Cesar	DRY	0
Chester	DRY	0
Christopher	DRY	0
Clarence	DRY	0
Craig	DRY	0
Dallas	DRY	0
Darryl	DRY	0
David	DRY	0
David	DRY	0
David	DRY	0
Douglas	DRY	0
Ernest	DRY	0
Frank	DRY	0
Frank	DRY	0
George	DRY	0
George	DRY	0
George	DRY	0
Harold	DRY	0
Howard	DRY	0
James	DRY	0
James	DRY	0
James	DRY	0
Jerold	DRY	0
Jim	DRY	0
John	DRY	0
John	DRY	0
Johnny	DRY	0
Jonathan	DRY	0
Juan	DRY	0
Leon	DRY	0
Leon	DRY	0
Lester	DRY	0
Marc	DRY	0
Mark	DRY	0
Mark	DRY	0
Michael	DRY	0
Michael	DRY	0
Nicholas	DRY	0
Noel	DRY	0
Norman	DRY	0
Orlando	DRY	0
Quentin	DRY	0
Ralph	DRY	0
Ramon	DRY	0
Reuben	DRY	0
Robert	DRY	0
Robert	DRY	0
Roger	DRY	0
Ronald	DRY	0
Russell	DRY	0
Theodore	DRY	0
Thomas	DRY	0
Vincent	DRY	0
Wallace	DRY	0
Walter	DRY	0
William	DRY	0
Willie	DRY	0
Wm	DRY	0
Zachary	DRY	0
John	WET	1
Marcelino	WET	1
Michael	WET	1
Ronald	WET	1
Russell	WET	1
Aaron	WET	0
Albert	WET	0
Anthony	WET	0
Ben	WET	0
Benjamin	WET	0
Benjamin	WET	0
Brandon	WET	0
Charles	WET	0
Chris	WET	0
Christopher	WET	0
Christopher	WET	0
Clifford	WET	0
Cody	WET	0
Corey	WET	0
Daniel	WET	0
David	WET	0
David	WET	0
David	WET	0
Donald	WET	0
Donald	WET	0
Donald	WET	0
Donald	WET	0
Donny	WET	0
Duane	WET	0
Edgar	WET	0
Edward	WET	0
Edward	WET	0
Elliott	WET	0
Eric	WET	0
Florencio	WET	0
Francis	WET	0
Francis	WET	0
Francisco	WET	0
Frank	WET	0
Garrett	WET	0
Gary	WET	0
Gary	WET	0
George	WET	0
Glen	WET	0
Howard	WET	0
Irvin	WET	0
Isidro	WET	0
Jack	WET	0
James	WET	0
James	WET	0
James	WET	0
James	WET	0
James	WET	0
James	WET	0
Jason	WET	0
Jerome	WET	0
Jerry	WET	0
Joel	WET	0
John	WET	0
John	WET	0
John	WET	0
John	WET	0
Johnny	WET	0
Jon	WET	0
Jonathan	WET	0
Jonathan	WET	0
Joseph	WET	0
Kenneth	WET	0
Kenny	WET	0
Kevin	WET	0
Kris	WET	0
Larry	WET	0
Larry	WET	0
Louis	WET	0
Luis	WET	0
Mark	WET	0
Mathew	WET	0
Michael	WET	0
Michael	WET	0
Michael	WET	0
Michael	WET	0
Michael	WET	0
Micheal	WET	0
Millard	WET	0
Patrick	WET	0
Peter	WET	0
Phillip	WET	0
Preston	WET	0
Ralph	WET	0
Reginald	WET	0
Richard	WET	0
Richard	WET	0
Robert	WET	0
Robert	WET	0
Robert	WET	0
Robert	WET	0
Robert	WET	0
Roberto	WET	0
Ron	WET	0
Ronald	WET	0
Stanley	WET	0
Stephen	WET	0
Steve	WET	0
Steven	WET	0
Steven	WET	0
Terry	WET	0
Tim	WET	0
Todd	WET	0
Tracy	WET	0
Victor	WET	0
Wilbur	WET	0
William	WET	0
Williams	WET	0
Zachary	WET	0
SCOREBOARD:
Brian	DRY	1
Floyd	DRY	1
James	DRY	1
Martin	DRY	1
Rodney	DRY	1
Russell	DRY	1
Wesley	DRY	1
Aaron	DRY	0
Anthony	DRY	0
Arthur	DRY	0
Arturo	DRY	0
Austin	DRY	0
Barney	DRY	0
Cesar	DRY	0
Chester	DRY	0
Christopher	DRY	0
Clarence	DRY	0
Craig	DRY	0
Dallas	DRY	0
Darryl	DRY	0
David	DRY	0
David	DRY	0
David	DRY	0
Douglas	DRY	0
Ernest	DRY	0
Frank	DRY	0
Frank	DRY	0
George	DRY	0
George	DRY	0
George	DRY	0
Harold	DRY	0
Howard	DRY	0
James	DRY	0
James	DRY	0
James	DRY	0
Jerold	DRY	0
Jim	DRY	0
John	DRY	0
John	DRY	0
Johnny	DRY	0
Jonathan	DRY	0
Juan	DRY	0
Leon	DRY	0
Leon	DRY	0
Lester	DRY	0
Marc	DRY	0
Mark	DRY	0
Mark	DRY	0
Michael	DRY	0
Michael	DRY	0
Nicholas	DRY	0
Noel	DRY	0
Norman	DRY	0
Orlando	DRY	0
Quentin	DRY	0
Ralph	DRY	0
Ramon	DRY	0
Reuben	DRY	0
Robert	DRY	0
Robert	DRY	0
Roger	DRY	0
Ronald	DRY	0
Russell	DRY	0
Theodore	DRY	0
Thomas	DRY	0
Vincent	DRY	0
Wallace	DRY	0
Walter	DRY	0
William	DRY	0
Willie	DRY	0
Wm	DRY	0
Zachary	DRY	0
John	WET	1
Marcelino	WET	1
Michael	WET	1
Ronald	WET	1
Russell	WET	1
Aaron	WET	0
Albert	WET	0
Anthony	WET	0
Ben	WET	0
Benjamin	WET	0
Benjamin	WET	0
Brandon	WET	0
Charles	WET	0
Chris	WET	0
Christopher	WET	0
Christopher	WET	0
Clifford	WET	0
Cody	WET	0
Corey	WET	0
Daniel	WET	0
David	WET	0
David	WET	0
David	WET	0
Donald	WET	0
Donald	WET	0
Donald	WET	0
Donald	WET	0
Donny	WET	0
Duane	WET	0
Edgar	WET	0
Edward	WET	0
Edward	WET	0
Elliott	WET	0
Eric	WET	0
Florencio	WET	0
Francis	WET	0
Francis	WET	0
Francisco	WET	0
Frank	WET	0
Garrett	WET	0
Gary	WET	0
Gary	WET	0
George	WET	0
Glen	WET	0
Howard	WET	0
Irvin	WET	0
Isidro	WET	0
Jack	WET	0
James	WET	0
James	WET	0
James	WET	0
James	WET	0
James	WET	0
James	WET	0
Jason	WET	0
Jerome	WET	0
Jerry	WET	0
Joel	WET	0
John	WET	0
John	WET	0
John	WET	0
John	WET	0
Johnny	WET	0
Jon	WET	0
Jonathan	WET	0
Jonathan	WET	0
Joseph	WET	0
Kenneth	WET	0
Kenny	WET	0
Kevin	WET	0
Kris	WET	0
Larry	WET	0
Larry	WET	0
Louis	WET	0
Luis	WET	0
Mark	WET	0
Mathew	WET	0
Michael	WET	0
Michael	WET	0
Michael	WET	0
Michael	WET	0
Michael	WET	0
Micheal	WET	0
Millard	WET	0
Patrick	WET	0
Peter	WET	0
Phillip	WET	0
Preston	WET	0
Ralph	WET	0
Reginald	WET	0
Richard	WET	0
Richard	WET	0
Robert	WET	0
Robert	WET	0
Robert	WET	0
Robert	WET	0
Robert	WET	0
Roberto	WET	0
Ron	WET	0
Ronald	WET	0
Stanley	WET	0
Stephen	WET	0
Steve	WET	0
Steven	WET	0
Steven	WET	0
Terry	WET	0
Tim	WET	0
Todd	WET	0
Tracy	WET	0
Victor	WET	0
Wilbur	WET	0
William	WET	0
Williams	WET	0
Zachary	WET	0
SCOREBOARD:
Brian	DRY	1
Floyd	DRY	1
James	DRY	1
Martin	DRY	1
Rodney	DRY	1
Russell	DRY	1
Wesley	DRY	1
Aaron	DRY	0
Anthony	DRY	0
Arthur	DRY	0
Arturo	DRY	0
Austin	DRY	0
Barney	DRY	0
Cesar	DRY	0
Chester	DRY	0
Christopher	DRY	0
Clarence	DRY	0
Craig	DRY	0
Dallas	DRY	0
Darryl	DRY	0
David	DRY	0
David	DRY	0
David	DRY	0
Douglas	DRY	0
Ernest	DRY	0
Frank	DRY	0
Frank	DRY	0
George	DRY	0
George	DRY	0
George	DRY	0
Harold	DRY	0
Howard	DRY	0
James	DRY	0
James	DRY	0
James	DRY	0
Jerold	DRY	0
Jim	DRY	0
John	DRY	0
John	DRY	0
Johnny	DRY	0
Jonathan	DRY	0
Juan	DRY	0
Leon	DRY	0
Leon	DRY	0
Lester	DRY	0
Marc	DRY	0
Mark	DRY	0
Mark	DRY	0
Michael	DRY	0
Michael	DRY	0
Nicholas	DRY	0
Noel	DRY	0
Norman	DRY	0
Orlando	DRY	0
Quentin	DRY	0
Ralph	DRY	0
Ramon	DRY	0
Reuben	DRY	0
Robert	DRY	0
Robert	DRY	0
Roger	DRY	0
Ronald	DRY	0
Russell	DRY	0
Theodore	DRY	0
Thomas	DRY	0
Vincent	DRY	0
Wallace	DRY	0
Walter	DRY	0
William	DRY	0
Willie	DRY	0
Wm	DRY	0
Zachary	DRY	0
John	WET	1
Marcelino	WET	1
Michael	WET	1
Ronald	WET	1
Russell	WET	1
Aaron	WET	0
Albert	WET	0
Anthony	WET	0
Ben	WET	0
Benjamin	WET	0
Benjamin	WET	0
Brandon	WET	0
Charles	WET	0
Chris	WET	0
Christopher	WET	0
Christopher	WET	0
Clifford	WET	0
Cody	WET	0
Corey	WET	0
Daniel	WET	0
David	WET	0
David	WET	0
David	WET	0
Donald	WET	0
Donald	WET	0
Donald	WET	0
Donald	WET	0
Donny	WET	0
Duane	WET	0
Edgar	WET	0
Edward	WET	0
Edward	WET	0
Elliott	WET	0
Eric	WET	0
Florencio	WET	0
Francis	WET	0
Francis	WET	0
Francisco	WET	0
Frank	WET	0
Garrett	WET	0
Gary	WET	0
Gary	WET	0
George	WET	0
Glen	WET	0
Howard	WET	0
Irvin	WET	0
Isidro	WET	0
Jack	WET	0
James	WET	0
James	WET	0
James	WET	0
James	WET	0
James	WET	0
James	WET	0
Jason	WET	0
Jerome	WET	0
Jerry	WET	0
Joel	WET	0
John	WET	0
John	WET	0
John	WET	0
John	WET	0
Johnny	WET	0
Jon	WET	0
Jonathan	WET	0
Jonathan	WET	0
Joseph	WET	0
Kenneth	WET	0
Kenny	WET	0
Kevin	WET	0
Kris	WET	0
Larry	WET	0
Larry	WET	0
Louis	WET	0
Luis	WET	0
Mark	WET	0
Mathew	WET	0
Michael	WET	0
Michael	WET	0
Michael	WET	0
Michael	WET	0
Michael	WET	0
Micheal	WET	0
Millard	WET	0
Patrick	WET	0
Peter	WET	0
Phillip	WET	0
Preston	WET	0
Ralph	WET	0
Reginald	WET	0
Richard	WET	0
Richard	WET	0
Robert	WET	0
Robert	WET	0
Robert	WET	0
Robert	WET	0
Robert	WET	0
Roberto	WET	0
Ron	WET	0
Ronald	WET	0
Stanley	WET	0
Stephen	WET	0
Steve	WET	0
Steven	WET	0
Steven	WET	0
Terry	WET	0
Tim	WET	0
Todd	WET	0
Tracy	WET	0
Victor	WET	0
Wilbur	WET	0
William	WET	0
Williams	WET	0
Zachary	WET	0
SCOREBOARD:
Brian	DRY	1
Floyd	DRY	1
James	DRY	1
Martin	DRY	1
Rodney	DRY	1
Russell	DRY	1
Wesley	DRY	1
Aaron	DRY	0
Anthony	DRY	0
Arthur	DRY	0
Arturo	DRY	0
Austin	DRY	0
Barney	DRY	0
Cesar	DRY	0
Chester	DRY	0
Christopher	DRY	0
Clarence	DRY	0
Craig	DRY	0
Dallas	DRY	0
Darryl	DRY	0
David	DRY	0
David	DRY	0
David	DRY	0
Douglas	DRY	0
Ernest	DRY	0
Frank	DRY	0
Frank	DRY	0
George	DRY	0
George	DRY	0
George	DRY	0
Harold	DRY	0
Howard	DRY	0
James	DRY	0
James	DRY	0
James	DRY	0
Jerold	DRY	0
Jim	DRY	0
John	DRY	0
John	DRY	0
Johnny	DRY	0
Jonathan	DRY	0
Juan	DRY	0
Leon	DRY	0
Leon	DRY	0
Lester	DRY	0
Marc	DRY	0
Mark	DRY	0
Mark	DRY	0
Michael	DRY	0
Michael	DRY	0
Nicholas	DRY	0
Noel	DRY	0
Norman	DRY	0
Orlando	DRY	0
Quentin	DRY	0
Ralph	DRY	0
Ramon	DRY	0
Reuben	DRY	0
Robert	DRY	0
Robert	DRY	0
Roger	DRY	0
Ronald	DRY	0
Russell	DRY	0
Theodore	DRY	0
Thomas	DRY	0
Vincent	DRY	0
Wallace	DRY	0
Walter	DRY	0
William	DRY	0
Willie	DRY	0
Wm	DRY	0
Zachary	DRY	0
John	WET	1
Marcelino	WET	1
Michael	WET	1
Ronald	WET	1
Russell	WET	1
Aaron	WET	0
Albert	WET	0
Anthony	WET	0
Ben	WET	0
Benjamin	WET	0
Benjamin	WET	0
Brandon	WET	0
Charles	WET	0
Chris	WET	0
Christopher	WET	0
Christopher	WET	0
Clifford	WET	0
Cody	WET	0
Corey	WET	0
Daniel	WET	0
David	WET	0
David	WET	0
David	WET	0
Donald	WET	0
Donald	WET	0
Donald	WET	0
Donald	WET	0
Donny	WET	0
Duane	WET	0
Edgar	WET	0
Edward	WET	0
Edward	WET	0
Elliott	WET	0
Eric	WET	0
Florencio	WET	0
Francis	WET	0
Francis	WET	0
Francisco	WET	0
Frank	WET	0
Garrett	WET	0
Gary	WET	0
Gary	WET	0
George	WET	0
Glen	WET	0
Howard	WET	0
Irvin	WET	0
Isidro	WET	0
Jack	WET	0
James	WET	0
James	WET	0
James	WET	0
James	WET	0
James	WET	0
James	WET	0
Jason	WET	0
Jerome	WET	0
Jerry	WET	0
Joel	WET	0
John	WET	0
John	WET	0
John	WET	0
John	WET	0
Johnny	WET	0
Jon	WET	0
Jonathan	WET	0
Jonathan	WET	0
Joseph	WET	0
Kenneth	WET	0
Kenny	WET	0
Kevin	WET	0
Kris	WET	0
Larry	WET	0
Larry	WET	0
Louis	WET	0
Luis	WET	0
Mark	WET	0
Mathew	WET	0
Michael	WET	0
Michael	WET	0
Michael	WET	0
Michael	WET	0
Michael	WET	0
Micheal	WET	0
Millard	WET	0
Patrick	WET	0
Peter	WET	0
Phillip	WET	0
Preston	WET	0
Ralph	WET	0
Reginald	WET	0
Richard	WET	0
Richard	WET	0
Robert	WET	0
Robert	WET	0
Robert	WET	0
Robert	WET	0
Robert	WET	0
Roberto	WET	0
Ron	WET	0
Ronald	WET	0
Stanley	WET	0
Stephen	WET	0
Steve	WET	0
Steven	WET	0
Steven	WET	0
Terry	WET	0
Tim	WET	0
Todd	WET	0
Tracy	WET	0
Victor	WET	0
Wilbur	WET	0
William	WET	0
Williams	WET	0
Zachary	WET	0
Johnny sent Roger back home.
George got wet because of global warming.
Vincent got wet because of global warming.
Russell got wet because of global warming.
Barney got wet because of global warming.
James got wet because of global warming.
Leon got wet because of global warming.
SCOREBOARD:
Brian	DRY	1
Floyd	DRY	1
James	DRY	1
Johnny	DRY	1
Martin	DRY	1
Rodney	DRY	1
Russell	DRY	1
Wesley	DRY	1
Aaron	DRY	0
Anthony	DRY	0
Arthur	DRY	0
Arturo	DRY	0
Austin	DRY	0
Cesar	DRY	0
Chester	DRY	0
Christopher	DRY	0
Clarence	DRY	0
Craig	DRY	0
Dallas	DRY	0
Darryl	DRY	0
David	DRY	0
David	DRY	0
David	DRY	0
Douglas	DRY	0
Ernest	DRY	0
Frank	DRY	0
Frank	DRY	0
George	DRY	0
George	DRY	0
Harold	DRY	0
Howard	DRY	0
James	DRY	0
James	DRY	0
Jerold	DRY	0
Jim	DRY	0
John	DRY	0
John	DRY	0
Jonathan	DRY	0
Juan	DRY	0
Leon	DRY	0
Lester	DRY	0
Marc	DRY	0
Mark	DRY	0
Mark	DRY	0
Michael	DRY	0
Michael	DRY	0
Nicholas	DRY	0
Noel	DRY	0
Norman	DRY	0
Orlando	DRY	0
Quentin	DRY	0
Ralph	DRY	0
Ramon	DRY	0
Reuben	DRY	0
Robert	DRY	0
Robert	DRY	0
Ronald	DRY	0
Theodore	DRY	0
Thomas	DRY	0
Wallace	DRY	0
Walter	DRY	0
William	DRY	0
Willie	DRY	0
Wm	DRY	0
Zachary	DRY	0
John	WET	1
Marcelino	WET	1
Michael	WET	1
Ronald	WET	1
Russell	WET	1
Aaron	WET	0
Albert	WET	0
Anthony	WET	0
Barney	WET	0
Ben	WET	0
Benjamin	WET	0
Benjamin	WET	0
Brandon	WET	0
Charles	WET	0
Chris	WET	0
Christopher	WET	0
Christopher	WET	0
Clifford	WET	0
Cody	WET	0
Corey	WET	0
Daniel	WET	0
David	WET	0
David	WET	0
David	WET	0
Donald	WET	0
Donald	WET	0
Donald	WET	0
Donald	WET	0
Donny	WET	0
Duane	WET	0
Edgar	WET	0
Edward	WET	0
Edward	WET	0
Elliott	WET	0
Eric	WET	0
Florencio	WET	0
Francis	WET	0
Francis	WET	0
Francisco	WET	0
Frank	WET	0
Garrett	WET	0
Gary	WET	0
Gary	WET	0
George	WET	0
George	WET	0
Glen	WET	0
Howard	WET	0
Irvin	WET	0
Isidro	WET	0
Jack	WET	0
James	WET	0
James	WET	0
James	WET	0
James	WET	0
James	WET	0
James	WET	0
James	WET	0
Jason	WET	0
Jerome	WET	0
Jerry	WET	0
Joel	WET	0
John	WET	0
John	WET	0
John	WET	0
John	WET	0
Johnny	WET	0
Jon	WET	0
Jonathan	WET	0
Jonathan	WET	0
Joseph	WET	0
Kenneth	WET	0
Kenny	WET	0
Kevin	WET	0
Kris	WET	0
Larry	WET	0
Larry	WET	0
Leon	WET	0
Louis	WET	0
Luis	WET	0
Mark	WET	0
Mathew	WET	0
Michael	WET	0
Michael	WET	0
Michael	WET	0
Michael	WET	0
Michael	WET	0
Micheal	WET	0
Millard	WET	0
Patrick	WET	0
Peter	WET	0
Phillip	WET	0
Preston	WET	0
Ralph	WET	0
Reginald	WET	0
Richard	WET	0
Richard	WET	0
Robert	WET	0
Robert	WET	0
Robert	WET	0
Robert	WET	0
Robert	WET	0
Roberto	WET	0
Roger	WET	0
Ron	WET	0
Ronald	WET	0
Russell	WET	0
Stanley	WET	0
Stephen	WET	0
Steve	WET	0
Steven	WET	0
Steven	WET	0
Terry	WET	0
Tim	WET	0
Todd	WET	0
Tracy	WET	0
Victor	WET	0
Vincent	WET	0
Wilbur	WET	0
William	WET	0
Williams	WET	0
Zachary	WET	0
David sent Christopher back home.
SCOREBOARD:
Brian	DRY	1
David	DRY	1
Floyd	DRY	1
James	DRY	1
Johnny	DRY	1
Martin	DRY	1
Rodney	DRY	1
Russell	DRY	1
Wesley	DRY	1
Aaron	DRY	0
Anthony	DRY	0
Arthur	DRY	0
Arturo	DRY	0
Austin	DRY	0
Cesar	DRY	0
Chester	DRY	0
Clarence	DRY	0
Craig	DRY	0
Dallas	DRY	0
Darryl	DRY	0
David	DRY	0
David	DRY	0
Douglas	DRY	0
Ernest	DRY	0
Frank	DRY	0
Frank	DRY	0
George	DRY	0
George	DRY	0
Harold	DRY	0
Howard	DRY	0
James	DRY	0
James	DRY	0
Jerold	DRY	0
Jim	DRY	0
John	DRY	0
John	DRY	0
Jonathan	DRY	0
Juan	DRY	0
Leon	DRY	0
Lester	DRY	0
Marc	DRY	0
Mark	DRY	0
Mark	DRY	0
Michael	DRY	0
Michael	DRY	0
Nicholas	DRY	0
Noel	DRY	0
Norman	DRY	0
Orlando	DRY	0
Quentin	DRY	0
Ralph	DRY	0
Ramon	DRY	0
Reuben	DRY	0
Robert	DRY	0
Robert	DRY	0
Ronald	DRY	0
Theodore	DRY	0
Thomas	DRY	0
Wallace	DRY	0
Walter	DRY	0
William	DRY	0
Willie	DRY	0
Wm	DRY	0
Zachary	DRY	0
John	WET	1
Marcelino	WET	1
Michael	WET	1
Ronald	WET	1
Russell	WET	1
Aaron	WET	0
Albert	WET	0
Anthony	WET	0
Barney	WET	0
Ben	WET	0
Benjamin	WET	0
Benjamin	WET	0
Brandon	WET	0
Charles	WET	0
Chris	WET	0
Christopher	WET	0
Christopher	WET	0
Christopher	WET	0
Clifford	WET	0
Cody	WET	0
Corey	WET	0
Daniel	WET	0
David	WET	0
David	WET	0
David	WET	0
Donald	WET	0
Donald	WET	0
Donald	WET	0
Donald	WET	0
Donny	WET	0
Duane	WET	0
Edgar	WET	0
Edward	WET	0
Edward	WET	0
Elliott	WET	0
Eric	WET	0
Florencio	WET	0
Francis	WET	0
Francis	WET	0
Francisco	WET	0
Frank	WET	0
Garrett	WET	0
Gary	WET	0
Gary	WET	0
George	WET	0
George	WET	0
Glen	WET	0
Howard	WET	0
Irvin	WET	0
Isidro	WET	0
Jack	WET	0
James	WET	0
James	WET	0
James	WET	0
James	WET	0
James	WET	0
James	WET	0
James	WET	0
Jason	WET	0
Jerome	WET	0
Jerry	WET	0
Joel	WET	0
John	WET	0
John	WET	0
John	WET	0
John	WET	0
Johnny	WET	0
Jon	WET	0
Jonathan	WET	0
Jonathan	WET	0
Joseph	WET	0
Kenneth	WET	0
Kenny	WET	0
Kevin	WET	0
Kris	WET	0
Larry	WET	0
Larry	WET	0
Leon	WET	0
Louis	WET	0
Luis	WET	0
Mark	WET	0
Mathew	WET	0
Michael	WET	0
Michael	WET	0
Michael	WET	0
Michael	WET	0
Michael	WET	0
Micheal	WET	0
Millard	WET	0
Patrick	WET	0
Peter	WET	0
Phillip	WET	0
Preston	WET	0
Ralph	WET	0
Reginald	WET	0
Richard	WET	0
Richard	WET	0
Robert	WET	0
Robert	WET	0
Robert	WET	0
Robert	WET	0
Robert	WET	0
Roberto	WET	0
Roger	WET	0
Ron	WET	0
Ronald	WET	0
Russell	WET	0
Stanley	WET	0
Stephen	WET	0
Steve	WET	0
Steven	WET	0
Steven	WET	0
Terry	WET	0
Tim	WET	0
Todd	WET	0
Tracy	WET	0
Victor	WET	0
Vincent	WET	0
Wilbur	WET	0
William	WET	0
Williams	WET	0
Zachary	WET	0
Quentin got wet because of global warming.
Jerold got wet because of global warming.
Juan got wet because of global warming.
Dallas got wet because of global warming.
David got wet because of global warming.
Arthur got wet because of global warming.
Clarence got wet because of global warming.
James got wet because of global warming.
Chester got wet because of global warming.
Darryl got wet because of global warming.
Martin got wet because of global warming.
James fell off the glacier.
SCOREBOARD:
Brian	DRY	1
David	DRY	1
Floyd	DRY	1
Johnny	DRY	1
Rodney	DRY	1
Russell	DRY	1
Wesley	DRY	1
Aaron	DRY	0
Anthony	DRY	0
Arturo	DRY	0
Austin	DRY	0
Cesar	DRY	0
Craig	DRY	0
David	DRY	0
Douglas	DRY	0
Ernest	DRY	0
Frank	DRY	0
Frank	DRY	0
George	DRY	0
George	DRY	0
Harold	DRY	0
Howard	DRY	0
James	DRY	0
Jim	DRY	0
John	DRY	0
John	DRY	0
Jonathan	DRY	0
Leon	DRY	0
Lester	DRY	0
Marc	DRY	0
Mark	DRY	0
Mark	DRY	0
Michael	DRY	0
Michael	DRY	0
Nicholas	DRY	0
Noel	DRY	0
Norman	DRY	0
Orlando	DRY	0
Ralph	DRY	0
Ramon	DRY	0
Reuben	DRY	0
Robert	DRY	0
Robert	DRY	0
Ronald	DRY	0
Theodore	DRY	0
Thomas	DRY	0
Wallace	DRY	0
Walter	DRY	0
William	DRY	0
Willie	DRY	0
Wm	DRY	0
Zachary	DRY	0
James	WET	1
John	WET	1
Marcelino	WET	1
Martin	WET	1
Michael	WET	1
Ronald	WET	1
Russell	WET	1
Aaron	WET	0
Albert	WET	0
Anthony	WET	0
Arthur	WET	0
Barney	WET	0
Ben	WET	0
Benjamin	WET	0
Benjamin	WET	0
Brandon	WET	0
Charles	WET	0
Chester	WET	0
Chris	WET	0
Christopher	WET	0
Christopher	WET	0
Christopher	WET	0
Clarence	WET	0
Clifford	WET	0
Cody	WET	0
Corey	WET	0
Dallas	WET	0
Daniel	WET	0
Darryl	WET	0
David	WET	0
David	WET	0
David	WET	0
David	WET	0
Donald	WET	0
Donald	WET	0
Donald	WET	0
Donald	WET	0
Donny	WET	0
Duane	WET	0
Edgar	WET	0
Edward	WET	0
Edward	WET	0
Elliott	WET	0
Eric	WET	0
Florencio	WET	0
Francis	WET	0
Francis	WET	0
Francisco	WET	0
Frank	WET	0
Garrett	WET	0
Gary	WET	0
Gary	WET	0
George	WET	0
George	WET	0
Glen	WET	0
Howard	WET	0
Irvin	WET	0
Isidro	WET	0
Jack	WET	0
James	WET	0
James	WET	0
James	WET	0
James	WET	0
James	WET	0
James	WET	0
James	WET	0
James	WET	0
Jason	WET	0
Jerold	WET	0
Jerome	WET	0
Jerry	WET	0
Joel	WET	0
John	WET	0
John	WET	0
John	WET	0
John	WET	0
Johnny	WET	0
Jon	WET	0
Jonathan	WET	0
Jonathan	WET	0
Joseph	WET	0
Juan	WET	0
Kenneth	WET	0
Kenny	WET	0
Kevin	WET	0
Kris	WET	0
Larry	WET	0
Larry	WET	0
Leon	WET	0
Louis	WET	0
Luis	WET	0
Mark	WET	0
Mathew	WET	0
Michael	WET	0
Michael	WET	0
Michael	WET	0
Michael	WET	0
Michael	WET	0
Micheal	WET	0
Millard	WET	0
Patrick	WET	0
Peter	WET	0
Phillip	WET	0
Preston	WET	0
Quentin	WET	0
Ralph	WET	0
Reginald	WET	0
Richard	WET	0
Richard	WET	0
Robert	WET	0
Robert	WET	0
Robert	WET	0
Robert	WET	0
Robert	WET	0
Roberto	WET	0
Roger	WET	0
Ron	WET	0
Ronald	WET	0
Russell	WET	0
Stanley	WET	0
Stephen	WET	0
Steve	WET	0
Steven	WET	0
Steven	WET	0
Terry	WET	0
Tim	WET	0
Todd	WET	0
Tracy	WET	0
Victor	WET	0
Vincent	WET	0
Wilbur	WET	0
William	WET	0
Williams	WET	0
Zachary	WET	0
Aaron fell off the glacier.
SCOREBOARD:
Brian	DRY	1
David	DRY	1
Floyd	DRY	1
Johnny	DRY	1
Rodney	DRY	1
Russell	DRY	1
Wesley	DRY	1
Anthony	DRY	0
Arturo	DRY	0
Austin	DRY	0
Cesar	DRY	0
Craig	DRY	0
David	DRY	0
Douglas	DRY	0
Ernest	DRY	0
Frank	DRY	0
Frank	DRY	0
George	DRY	0
George	DRY	0
Harold	DRY	0
Howard	DRY	0
James	DRY	0
Jim	DRY	0
John	DRY	0
John	DRY	0
Jonathan	DRY	0
Leon	DRY	0
Lester	DRY	0
Marc	DRY	0
Mark	DRY	0
Mark	DRY	0
Michael	DRY	0
Michael	DRY	0
Nicholas	DRY	0
Noel	DRY	0
Norman	DRY	0
Orlando	DRY	0
Ralph	DRY	0
Ramon	DRY	0
Reuben	DRY	0
Robert	DRY	0
Robert	DRY	0
Ronald	DRY	0
Theodore	DRY	0
Thomas	DRY	0
Wallace	DRY	0
Walter	DRY	0
William	DRY	0
Willie	DRY	0
Wm	DRY	0
Zachary	DRY	0
James	WET	1
John	WET	1
Marcelino	WET	1
Martin	WET	1
Michael	WET	1
Ronald	WET	1
Russell	WET	1
Aaron	WET	0
Aaron	WET	0
Albert	WET	0
Anthony	WET	0
Arthur	WET	0
Barney	WET	0
Ben	WET	0
Benjamin	WET	0
Benjamin	WET	0
Brandon	WET	0
Charles	WET	0
Chester	WET	0
Chris	WET	0
Christopher	WET	0
Christopher	WET	0
Christopher	WET	0
Clarence	WET	0
Clifford	WET	0
Cody	WET	0
Corey	WET	0
Dallas	WET	0
Daniel	WET	0
Darryl	WET	0
David	WET	0
David	WET	0
David	WET	0
David	WET	0
Donald	WET	0
Donald	WET	0
Donald	WET	0
Donald	WET	0
Donny	WET	0
Duane	WET	0
Edgar	WET	0
Edward	WET	0
Edward	WET	0
Elliott	WET	0
Eric	WET	0
Florencio	WET	0
Francis	WET	0
Francis	WET	0
Francisco	WET	0
Frank	WET	0
Garrett	WET	0
Gary	WET	0
Gary	WET	0
George	WET	0
George	WET	0
Glen	WET	0
Howard	WET	0
Irvin	WET	0
Isidro	WET	0
Jack	WET	0
James	WET	0
James	WET	0
James	WET	0
James	WET	0
James	WET	0
James	WET	0
James	WET	0
James	WET	0
Jason	WET	0
Jerold	WET	0
Jerome	WET	0
Jerry	WET	0
Joel	WET	0
John	WET	0
John	WET	0
John	WET	0
John	WET	0
Johnny	WET	0
Jon	WET	0
Jonathan	WET	0
Jonathan	WET	0
Joseph	WET	0
Juan	WET	0
Kenneth	WET	0
Kenny	WET	0
Kevin	WET	0
Kris	WET	0
Larry	WET	0
Larry	WET	0
Leon	WET	0
Louis	WET	0
Luis	WET	0
Mark	WET	0
Mathew	WET	0
Michael	WET	0
Michael	WET	0
Michael	WET	0
Michael	WET	0
Michael	WET	0
Micheal	WET	0
Millard	WET	0
Patrick	WET	0
Peter	WET	0
Phillip	WET	0
Preston	WET	0
Quentin	WET	0
Ralph	WET	0
Reginald	WET	0
Richard	WET	0
Richard	WET	0
Robert	WET	0
Robert	WET	0
Robert	WET	0
Robert	WET	0
Robert	WET	0
Roberto	WET	0
Roger	WET	0
Ron	WET	0
Ronald	WET	0
Russell	WET	0
Stanley	WET	0
Stephen	WET	0
Steve	WET	0
Steven	WET	0
Steven	WET	0
Terry	WET	0
Tim	WET	0
Todd	WET	0
Tracy	WET	0
Victor	WET	0
Vincent	WET	0
Wilbur	WET	0
William	WET	0
Williams	WET	0
Zachary	WET	0
Anthony fell off the glacier.
SCOREBOARD:
Brian	DRY	1
David	DRY	1
Floyd	DRY	1
Johnny	DRY	1
Rodney	DRY	1
Russell	DRY	1
Wesley	DRY	1
Arturo	DRY	0
Austin	DRY	0
Cesar	DRY	0
Craig	DRY	0
David	DRY	0
Douglas	DRY	0
Ernest	DRY	0
Frank	DRY	0
Frank	DRY	0
George	DRY	0
George	DRY	0
Harold	DRY	0
Howard	DRY	0
James	DRY	0
Jim	DRY	0
John	DRY	0
John	DRY	0
Jonathan	DRY	0
Leon	DRY	0
Lester	DRY	0
Marc	DRY	0
Mark	DRY	0
Mark	DRY	0
Michael	DRY	0
Michael	DRY	0
Nicholas	DRY	0
Noel	DRY	0
Norman	DRY	0
Orlando	DRY	0
Ralph	DRY	0
Ramon	DRY	0
Reuben	DRY	0
Robert	DRY	0
Robert	DRY	0
Ronald	DRY	0
Theodore	DRY	0
Thomas	DRY	0
Wallace	DRY	0
Walter	DRY	0
William	DRY	0
Willie	DRY	0
Wm	DRY	0
Zachary	DRY	0
James	WET	1
John	WET	1
Marcelino	WET	1
Martin	WET	1
Michael	WET	1
Ronald	WET	1
Russell	WET	1
Aaron	WET	0
Aaron	WET	0
Albert	WET	0
Anthony	WET	0
Anthony	WET	0
Arthur	WET	0
Barney	WET	0
Ben	WET	0
Benjamin	WET	0
Benjamin	WET	0
Brandon	WET	0
Charles	WET	0
Chester	WET	0
Chris	WET	0
Christopher	WET	0
Christopher	WET	0
Christopher	WET	0
Clarence	WET	0
Clifford	WET	0
Cody	WET	0
Corey	WET	0
Dallas	WET	0
Daniel	WET	0
Darryl	WET	0
David	WET	0
David	WET	0
David	WET	0
David	WET	0
Donald	WET	0
Donald	WET	0
Donald	WET	0
Donald	WET	0
Donny	WET	0
Duane	WET	0
Edgar	WET	0
Edward	WET	0
Edward	WET	0
Elliott	WET	0
Eric	WET	0
Florencio	WET	0
Francis	WET	0
Francis	WET	0
Francisco	WET	0
Frank	WET	0
Garrett	WET	0
Gary	WET	0
Gary	WET	0
George	WET	0
George	WET	0
Glen	WET	0
Howard	WET	0
Irvin	WET	0
Isidro	WET	0
Jack	WET	0
James	WET	0
James	WET	0
James	WET	0
James	WET	0
James	WET	0
James	WET	0
James	WET	0
James	WET	0
Jason	WET	0
Jerold	WET	0
Jerome	WET	0
Jerry	WET	0
Joel	WET	0
John	WET	0
John	WET	0
John	WET	0
John	WET	0
Johnny	WET	0
Jon	WET	0
Jonathan	WET	0
Jonathan	WET	0
Joseph	WET	0
Juan	WET	0
Kenneth	WET	0
Kenny	WET	0
Kevin	WET	0
Kris	WET	0
Larry	WET	0
Larry	WET	0
Leon	WET	0
Louis	WET	0
Luis	WET	0
Mark	WET	0
Mathew	WET	0
Michael	WET	0
Michael	WET	0
Michael	WET	0
Michael	WET	0
Michael	WET	0
Micheal	WET	0
Millard	WET	0
Patrick	WET	0
Peter	WET	0
Phillip	WET	0
Preston	WET	0
Quentin	WET	0
Ralph	WET	0
Reginald	WET	0
Richard	WET	0
Richard	WET	0
Robert	WET	0
Robert	WET	0
Robert	WET	0
Robert	WET	0
Robert	WET	0
Roberto	WET	0
Roger	WET	0
Ron	WET	0
Ronald	WET	0
Russell	WET	0
Stanley	WET	0
Stephen	WET	0
Steve	WET	0
Steven	WET	0
Steven	WET	0
Terry	WET	0
Tim	WET	0
Todd	WET	0
Tracy	WET	0
Victor	WET	0
Vincent	WET	0
Wilbur	WET	0
William	WET	0
Williams	WET	0
Zachary	WET	0
SCOREBOARD:
Brian	DRY	1
David	DRY	1
Floyd	DRY	1
Johnny	DRY	1
Rodney	DRY	1
Russell	DRY	1
Wesley	DRY	1
Arturo	DRY	0
Austin	DRY	0
Cesar	DRY	0
Craig	DRY	0
David	DRY	0
Douglas	DRY	0
Ernest	DRY	0
Frank	DRY	0
Frank	DRY	0
George	DRY	0
George	DRY	0
Harold	DRY	0
Howard	DRY	0
James	DRY	0
Jim	DRY	0
John	DRY	0
John	DRY	0
Jonathan	DRY	0
Leon	DRY	0
Lester	DRY	0
Marc	DRY	0
Mark	DRY	0
Mark	DRY	0
Michael	DRY	0
Michael	DRY	0
Nicholas	DRY	0
Noel	DRY	0
Norman	DRY	0
Orlando	DRY	0
Ralph	DRY	0
Ramon	DRY	0
Reuben	DRY	0
Robert	DRY	0
Robert	DRY	0
Ronald	DRY	0
Theodore	DRY	0
Thomas	DRY	0
Wallace	DRY	0
Walter	DRY	0
William	DRY	0
Willie	DRY	0
Wm	DRY	0
Zachary	DRY	0
James	WET	1
John	WET	1
Marcelino	WET	1
Martin	WET	1
Michael	WET	1
Ronald	WET	1
Russell	WET	1
Aaron	WET	0
Aaron	WET	0
Albert	WET	0
Anthony	WET	0
Anthony	WET	0
Arthur	WET	0
Barney	WET	0
Ben	WET	0
Benjamin	WET	0
Benjamin	WET	0
Brandon	WET	0
Charles	WET	0
Chester	WET	0
Chris	WET	0
Christopher	WET	0
Christopher	WET	0
Christopher	WET	0
Clarence	WET	0
Clifford	WET	0
Cody	WET	0
Corey	WET	0
Dallas	WET	0
Daniel	WET	0
Darryl	WET	0
David	WET	0
David	WET	0
David	WET	0
David	WET	0
Donald	WET	0
Donald	WET	0
Donald	WET	0
Donald	WET	0
Donny	WET	0
Duane	WET	0
Edgar	WET	0
Edward	WET	0
Edward	WET	0
Elliott	WET	0
Eric	WET	0
Florencio	WET	0
Francis	WET	0
Francis	WET	0
Francisco	WET	0
Frank	WET	0
Garrett	WET	0
Gary	WET	0
Gary	WET	0
George	WET	0
George	WET	0
Glen	WET	0
Howard	WET	0
Irvin	WET	0
Isidro	WET	0
Jack	WET	0
James	WET	0
James	WET	0
James	WET	0
James	WET	0
James	WET	0
James	WET	0
James	WET	0
James	WET	0
Jason	WET	0
Jerold	WET	0
Jerome	WET	0
Jerry	WET	0
Joel	WET	0
John	WET	0
John	WET	0
John	WET	0
John	WET	0
Johnny	WET	0
Jon	WET	0
Jonathan	WET	0
Jonathan	WET	0
Joseph	WET	0
Juan	WET	0
Kenneth	WET	0
Kenny	WET	0
Kevin	WET	0
Kris	WET	0
Larry	WET	0
Larry	WET	0
Leon	WET	0
Louis	WET	0
Luis	WET	0
Mark	WET	0
Mathew	WET	0
Michael	WET	0
Michael	WET	0
Michael	WET	0
Michael	WET	0
Michael	WET	0
Micheal	WET	0
Millard	WET	0
Patrick	WET	0
Peter	WET	0
Phillip	WET	0
Preston	WET	0
Quentin	WET	0
Ralph	WET	0
Reginald	WET	0
Richard	WET	0
Richard	WET	0
Robert	WET	0
Robert	WET	0
Robert	WET	0
Robert	WET	0
Robert	WET	0
Roberto	WET	0
Roger	WET	0
Ron	WET	0
Ronald	WET	0
Russell	WET	0
Stanley	WET	0
Stephen	WET	0
Steve	WET	0
Steven	WET	0
Steven	WET	0
Terry	WET	0
Tim	WET	0
Todd	WET	0
Tracy	WET	0
Victor	WET	0
Vincent	WET	0
Wilbur	WET	0
William	WET	0
Williams	WET	0
Zachary	WET	0
SCOREBOARD:
Brian	DRY	1
David	DRY	1
Floyd	DRY	1
Johnny	DRY	1
Rodney	DRY	1
Russell	DRY	1
Wesley	DRY	1
Arturo	DRY	0
Austin	DRY	0
Cesar	DRY	0
Craig	DRY	0
David	DRY	0
Douglas	DRY	0
Ernest	DRY	0
Frank	DRY	0
Frank	DRY	0
George	DRY	0
George	DRY	0
Harold	DRY	0
Howard	DRY	0
James	DRY	0
Jim	DRY	0
John	DRY	0
John	DRY	0
Jonathan	DRY	0
Leon	DRY	0
Lester	DRY	0
Marc	DRY	0
Mark	DRY	0
Mark	DRY	0
Michael	DRY	0
Michael	DRY	0
Nicholas	DRY	0
Noel	DRY	0
Norman	DRY	0
Orlando	DRY	0
Ralph	DRY	0
Ramon	DRY	0
Reuben	DRY	0
Robert	DRY	0
Robert	DRY	0
Ronald	DRY	0
Theodore	DRY	0
Thomas	DRY	0
Wallace	DRY	0
Walter	DRY	0
William	DRY	0
Willie	DRY	0
Wm	DRY	0
Zachary	DRY	0
James	WET	1
John	WET	1
Marcelino	WET	1
Martin	WET	1
Michael	WET	1
Ronald	WET	1
Russell	WET	1
Aaron	WET	0
Aaron	WET	0
Albert	WET	0
Anthony	WET	0
Anthony	WET	0
Arthur	WET	0
Barney	WET	0
Ben	WET	0
Benjamin	WET	0
Benjamin	WET	0
Brandon	WET	0
Charles	WET	0
Chester	WET	0
Chris	WET	0
Christopher	WET	0
Christopher	WET	0
Christopher	WET	0
Clarence	WET	0
Clifford	WET	0
Cody	WET	0
Corey	WET	0
Dallas	WET	0
Daniel	WET	0
Darryl	WET	0
David	WET	0
David	WET	0
David	WET	0
David	WET	0
Donald	WET	0
Donald	WET	0
Donald	WET	0
Donald	WET	0
Donny	WET	0
Duane	WET	0
Edgar	WET	0
Edward	WET	0
Edward	WET	0
Elliott	WET	0
Eric	WET	0
Florencio	WET	0
Francis	WET	0
Francis	WET	0
Francisco	WET	0
Frank	WET	0
Garrett	WET	0
Gary	WET	0
Gary	WET	0
George	WET	0
George	WET	0
Glen	WET	0
Howard	WET	0
Irvin	WET	0
Isidro	WET	0
Jack	WET	0
James	WET	0
James	WET	0
James	WET	0
James	WET	0
James	WET	0
James	WET	0
James	WET	0
James	WET	0
Jason	WET	0
Jerold	WET	0
Jerome	WET	0
Jerry	WET	0
Joel	WET	0
John	WET	0
John	WET	0
John	WET	0
John	WET	0
Johnny	WET	0
Jon	WET	0
Jonathan	WET	0
Jonathan	WET	0
Joseph	WET	0
Juan	WET	0
Kenneth	WET	0
Kenny	WET	0
Kevin	WET	0
Kris	WET	0
Larry	WET	0
Larry	WET	0
Leon	WET	0
Louis	WET	0
Luis	WET	0
Mark	WET	0
Mathew	WET	0
Michael	WET	0
Michael	WET	0
Michael	WET	0
Michael	WET	0
Michael	WET	0
Micheal	WET	0
Millard	WET	0
Patrick	WET	0
Peter	WET	0
Phillip	WET	0
Preston	WET	0
Quentin	WET	0
Ralph	WET	0
Reginald	WET	0
Richard	WET	0
Richard	WET	0
Robert	WET	0
Robert	WET	0
Robert	WET	0
Robert	WET	0
Robert	WET	0
Roberto	WET	0
Roger	WET	0
Ron	WET	0
Ronald	WET	0
Russell	WET	0
Stanley	WET	0
Stephen	WET	0
Steve	WET	0
Steven	WET	0
Steven	WET	0
Terry	WET	0
Tim	WET	0
Todd	WET	0
Tracy	WET	0
Victor	WET	0
Vincent	WET	0
Wilbur	WET	0
William	WET	0
Williams	WET	0
Zachary	WET	0
SCOREBOARD:
Brian	DRY	1
David	DRY	1
Floyd	DRY	1
Johnny	DRY	1
Rodney	DRY	1
Russell	DRY	1
Wesley	DRY	1
Arturo	DRY	0
Austin	DRY	0
Cesar	DRY	0
Craig	DRY	0
David	DRY	0
Douglas	DRY	0
Ernest	DRY	0
Frank	DRY	0
Frank	DRY	0
George	DRY	0
George	DRY	0
Harold	DRY	0
Howard	DRY	0
James	DRY	0
Jim	DRY	0
John	DRY	0
John	DRY	0
Jonathan	DRY	0
Leon	DRY	0
Lester	DRY	0
Marc	DRY	0
Mark	DRY	0
Mark	DRY	0
Michael	DRY	0
Michael	DRY	0
Nicholas	DRY	0
Noel	DRY	0
Norman	DRY	0
Orlando	DRY	0
Ralph	DRY	0
Ramon	DRY	0
Reuben	DRY	0
Robert	DRY	0
Robert	DRY	0
Ronald	DRY	0
Theodore	DRY	0
Thomas	DRY	0
Wallace	DRY	0
Walter	DRY	0
William	DRY	0
Willie	DRY	0
Wm	DRY	0
Zachary	DRY	0
James	WET	1
John	WET	1
Marcelino	WET	1
Martin	WET	1
Michael	WET	1
Ronald	WET	1
Russell	WET	1
Aaron	WET	0
Aaron	WET	0
Albert	WET	0
Anthony	WET	0
Anthony	WET	0
Arthur	WET	0
Barney	WET	0
Ben	WET	0
Benjamin	WET	0
Benjamin	WET	0
Brandon	WET	0
Charles	WET	0
Chester	WET	0
Chris	WET	0
Christopher	WET	0
Christopher	WET	0
Christopher	WET	0
Clarence	WET	0
Clifford	WET	0
Cody	WET	0
Corey	WET	0
Dallas	WET	0
Daniel	WET	0
Darryl	WET	0
David	WET	0
David	WET	0
David	WET	0
David	WET	0
Donald	WET	0
Donald	WET	0
Donald	WET	0
Donald	WET	0
Donny	WET	0
Duane	WET	0
Edgar	WET	0
Edward	WET	0
Edward	WET	0
Elliott	WET	0
Eric	WET	0
Florencio	WET	0
Francis	WET	0
Francis	WET	0
Francisco	WET	0
Frank	WET	0
Garrett	WET	0
Gary	WET	0
Gary	WET	0
George	WET	0
George	WET	0
Glen	WET	0
Howard	WET	0
Irvin	WET	0
Isidro	WET	0
Jack	WET	0
James	WET	0
James	WET	0
James	WET	0
James	WET	0
James	WET	0
James	WET	0
James	WET	0
James	WET	0
Jason	WET	0
Jerold	WET	0
Jerome	WET	0
Jerry	WET	0
Joel	WET	0
John	WET	0
John	WET	0
John	WET	0
John	WET	0
Johnny	WET	0
Jon	WET	0
Jonathan	WET	0
Jonathan	WET	0
Joseph	WET	0
Juan	WET	0
Kenneth	WET	0
Kenny	WET	0
Kevin	WET	0
Kris	WET	0
Larry	WET	0
Larry	WET	0
Leon	WET	0
Louis	WET	0
Luis	WET	0
Mark	WET	0
Mathew	WET	0
Michael	WET	0
Michael	WET	0
Michael	WET	0
Michael	WET	0
Michael	WET	0
Micheal	WET	0
Millard	WET	0
Patrick	WET	0
Peter	WET	0
Phillip	WET	0
Preston	WET	0
Quentin	WET	0
Ralph	WET	0
Reginald	WET	0
Richard	WET	0
Richard	WET	0
Robert	WET	0
Robert	WET	0
Robert	WET	0
Robert	WET	0
Robert	WET	0
Roberto	WET	0
Roger	WET	0
Ron	WET	0
Ronald	WET	0
Russell	WET	0
Stanley	WET	0
Stephen	WET	0
Steve	WET	0
Steven	WET	0
Steven	WET	0
Terry	WET	0
Tim	WET	0
Todd	WET	0
Tracy	WET	0
Victor	WET	0
Vincent	WET	0
Wilbur	WET	0
William	WET	0
Williams	WET	0
Zachary	WET	0
SCOREBOARD:
Brian	DRY	1
David	DRY	1
Floyd	DRY	1
Johnny	DRY	1
Rodney	DRY	1
Russell	DRY	1
Wesley	DRY	1
Arturo	DRY	0
Austin	DRY	0
Cesar	DRY	0
Craig	DRY	0
David	DRY	0
Douglas	DRY	0
Ernest	DRY	0
Frank	DRY	0
Frank	DRY	0
George	DRY	0
George	DRY	0
Harold	DRY	0
Howard	DRY	0
James	DRY	0
Jim	DRY	0
John	DRY	0
John	DRY	0
Jonathan	DRY	0
Leon	DRY	0
Lester	DRY	0
Marc	DRY	0
Mark	DRY	0
Mark	DRY	0
Michael	DRY	0
Michael	DRY	0
Nicholas	DRY	0
Noel	DRY	0
Norman	DRY	0
Orlando	DRY	0
Ralph	DRY	0
Ramon	DRY	0
Reuben	DRY	0
Robert	DRY	0
Robert	DRY	0
Ronald	DRY	0
Theodore	DRY	0
Thomas	DRY	0
Wallace	DRY	0
Walter	DRY	0
William	DRY	0
Willie	DRY	0
Wm	DRY	0
Zachary	DRY	0
James	WET	1
John	WET	1
Marcelino	WET	1
Martin	WET	1
Michael	WET	1
Ronald	WET	1
Russell	WET	1
Aaron	WET	0
Aaron	WET	0
Albert	WET	0
Anthony	WET	0
Anthony	WET	0
Arthur	WET	0
Barney	WET	0
Ben	WET	0
Benjamin	WET	0
Benjamin	WET	0
Brandon	WET	0
Charles	WET	0
Chester	WET	0
Chris	WET	0
Christopher	WET	0
Christopher	WET	0
Christopher	WET	0
Clarence	WET	0
Clifford	WET	0
Cody	WET	0
Corey	WET	0
Dallas	WET	0
Daniel	WET	0
Darryl	WET	0
David	WET	0
David	WET	0
David	WET	0
David	WET	0
Donald	WET	0
Donald	WET	0
Donald	WET	0
Donald	WET	0
Donny	WET	0
Duane	WET	0
Edgar	WET	0
Edward	WET	0
Edward	WET	0
Elliott	WET	0
Eric	WET	0
Florencio	WET	0
Francis	WET	0
Francis	WET	0
Francisco	WET	0
Frank	WET	0
Garrett	WET	0
Gary	WET	0
Gary	WET	0
George	WET	0
George	WET	0
Glen	WET	0
Howard	WET	0
Irvin	WET	0
Isidro	WET	0
Jack	WET	0
James	WET	0
James	WET	0
James	WET	0
James	WET	0
James	WET	0
James	WET	0
James	WET	0
James	WET	0
Jason	WET	0
Jerold	WET	0
Jerome	WET	0
Jerry	WET	0
Joel	WET	0
John	WET	0
John	WET	0
John	WET	0
John	WET	0
Johnny	WET	0
Jon	WET	0
Jonathan	WET	0
Jonathan	WET	0
Joseph	WET	0
Juan	WET	0
Kenneth	WET	0
Kenny	WET	0
Kevin	WET	0
Kris	WET	0
Larry	WET	0
Larry	WET	0
Leon	WET	0
Louis	WET	0
Luis	WET	0
Mark	WET	0
Mathew	WET	0
Michael	WET	0
Michael	WET	0
Michael	WET	0
Michael	WET	0
Michael	WET	0
Micheal	WET	0
Millard	WET	0
Patrick	WET	0
Peter	WET	0
Phillip	WET	0
Preston	WET	0
Quentin	WET	0
Ralph	WET	0
Reginald	WET	0
Richard	WET	0
Richard	WET	0
Robert	WET	0
Robert	WET	0
Robert	WET	0
Robert	WET	0
Robert	WET	0
Roberto	WET	0
Roger	WET	0
Ron	WET	0
Ronald	WET	0
Russell	WET	0
Stanley	WET	0
Stephen	WET	0
Steve	WET	0
Steven	WET	0
Steven	WET	0
Terry	WET	0
Tim	WET	0
Todd	WET	0
Tracy	WET	0
Victor	WET	0
Vincent	WET	0
Wilbur	WET	0
William	WET	0
Williams	WET	0
Zachary	WET	0
Michael sent Brian back home.
SCOREBOARD:
David	DRY	1
Floyd	DRY	1
Johnny	DRY	1
Michael	DRY	1
Rodney	DRY	1
Russell	DRY	1
Wesley	DRY	1
Arturo	DRY	0
Austin	DRY	0
Cesar	DRY	0
Craig	DRY	0
David	DRY	0
Douglas	DRY	0
Ernest	DRY	0
Frank	DRY	0
Frank	DRY	0
George	DRY	0
George	DRY	0
Harold	DRY	0
Howard	DRY	0
James	DRY	0
Jim	DRY	0
John	DRY	0
John	DRY	0
Jonathan	DRY	0
Leon	DRY	0
Lester	DRY	0
Marc	DRY	0
Mark	DRY	0
Mark	DRY	0
Michael	DRY	0
Nicholas	DRY	0
Noel	DRY	0
Norman	DRY	0
Orlando	DRY	0
Ralph	DRY	0
Ramon	DRY	0
Reuben	DRY	0
Robert	DRY	0
Robert	DRY	0
Ronald	DRY	0
Theodore	DRY	0
Thomas	DRY	0
Wallace	DRY	0
Walter	DRY	0
William	DRY	0
Willie	DRY	0
Wm	DRY	0
Zachary	DRY	0
Brian	WET	1
James	WET	1
John	WET	1
Marcelino	WET	1
Martin	WET	1
Michael	WET	1
Ronald	WET	1
Russell	WET	1
Aaron	WET	0
Aaron	WET	0
Albert	WET	0
Anthony	WET	0
Anthony	WET	0
Arthur	WET	0
Barney	WET	0
Ben	WET	0
Benjamin	WET	0
Benjamin	WET	0
Brandon	WET	0
Charles	WET	0
Chester	WET	0
Chris	WET	0
Christopher	WET	0
Christopher	WET	0
Christopher	WET	0
Clarence	WET	0
Clifford	WET	0
Cody	WET	0
Corey	WET	0
Dallas	WET	0
Daniel	WET	0
Darryl	WET	0
David	WET	0
David	WET	0
David	WET	0
David	WET	0
Donald	WET	0
Donald	WET	0
Donald	WET	0
Donald	WET	0
Donny	WET	0
Duane	WET	0
Edgar	WET	0
Edward	WET	0
Edward	WET	0
Elliott	WET	0
Eric	WET	0
Florencio	WET	0
Francis	WET	0
Francis	WET	0
Francisco	WET	0
Frank	WET	0
Garrett	WET	0
Gary	WET	0
Gary	WET	0
George	WET	0
George	WET	0
Glen	WET	0
Howard	WET	0
Irvin	WET	0
Isidro	WET	0
Jack	WET	0
James	WET	0
James	WET	0
James	WET	0
James	WET	0
James	WET	0
James	WET	0
James	WET	0
James	WET	0
Jason	WET	0
Jerold	WET	0
Jerome	WET	0
Jerry	WET	0
Joel	WET	0
John	WET	0
John	WET	0
John	WET	0
John	WET	0
Johnny	WET	0
Jon	WET	0
Jonathan	WET	0
Jonathan	WET	0
Joseph	WET	0
Juan	WET	0
Kenneth	WET	0
Kenny	WET	0
Kevin	WET	0
Kris	WET	0
Larry	WET	0
Larry	WET	0
Leon	WET	0
Louis	WET	0
Luis	WET	0
Mark	WET	0
Mathew	WET	0
Michael	WET	0
Michael	WET	0
Michael	WET	0
Michael	WET	0
Michael	WET	0
Micheal	WET	0
Millard	WET	0
Patrick	WET	0
Peter	WET	0
Phillip	WET	0
Preston	WET	0
Quentin	WET	0
Ralph	WET	0
Reginald	WET	0
Richard	WET	0
Richard	WET	0
Robert	WET	0
Robert	WET	0
Robert	WET	0
Robert	WET	0
Robert	WET	0
Roberto	WET	0
Roger	WET	0
Ron	WET	0
Ronald	WET	0
Russell	WET	0
Stanley	WET	0
Stephen	WET	0
Steve	WET	0
Steven	WET	0
Steven	WET	0
Terry	WET	0
Tim	WET	0
Todd	WET	0
Tracy	WET	0
Victor	WET	0
Vincent	WET	0
Wilbur	WET	0
William	WET	0
Williams	WET	0
Zachary	WET	0
Michael sent John back home.
George sent Wallace back home.
SCOREBOARD:
Michael	DRY	2
David	DRY	1
Floyd	DRY	1
George	DRY	1
Johnny	DRY	1
Rodney	DRY	1
Russell	DRY	1
Wesley	DRY	1
Arturo	DRY	0
Austin	DRY	0
Cesar	DRY	0
Craig	DRY	0
David	DRY	0
Douglas	DRY	0
Ernest	DRY	0
Frank	DRY	0
Frank	DRY	0
George	DRY	0
Harold	DRY	0
Howard	DRY	0
James	DRY	0
Jim	DRY	0
John	DRY	0
Jonathan	DRY	0
Leon	DRY	0
Lester	DRY	0
Marc	DRY	0
Mark	DRY	0
Mark	DRY	0
Michael	DRY	0
Nicholas	DRY	0
Noel	DRY	0
Norman	DRY	0
Orlando	DRY	0
Ralph	DRY	0
Ramon	DRY	0
Reuben	DRY	0
Robert	DRY	0
Robert	DRY	0
Ronald	DRY	0
Theodore	DRY	0
Thomas	DRY	0
Walter	DRY	0
William	DRY	0
Willie	DRY	0
Wm	DRY	0
Zachary	DRY	0
Brian	WET	1
James	WET	1
John	WET	1
Marcelino	WET	1
Martin	WET	1
Michael	WET	1
Ronald	WET	1
Russell	WET	1
Aaron	WET	0
Aaron	WET	0
Albert	WET	0
Anthony	WET	0
Anthony	WET	0
Arthur	WET	0
Barney	WET	0
Ben	WET	0
Benjamin	WET	0
Benjamin	WET	0
Brandon	WET	0
Charles	WET	0
Chester	WET	0
Chris	WET	0
Christopher	WET	0
Christopher	WET	0
Christopher	WET	0
Clarence	WET	0
Clifford	WET	0
Cody	WET	0
Corey	WET	0
Dallas	WET	0
Daniel	WET	0
Darryl	WET	0
David	WET	0
David	WET	0
David	WET	0
David	WET	0
Donald	WET	0
Donald	WET	0
Donald	WET	0
Donald	WET	0
Donny	WET	0
Duane	WET	0
Edgar	WET	0
Edward	WET	0
Edward	WET	0
Elliott	WET	0
Eric	WET	0
Florencio	WET	0
Francis	WET	0
Francis	WET	0
Francisco	WET	0
Frank	WET	0
Garrett	WET	0
Gary	WET	0
Gary	WET	0
George	WET	0
George	WET	0
Glen	WET	0
Howard	WET	0
Irvin	WET	0
Isidro	WET	0
Jack	WET	0
James	WET	0
James	WET	0
James	WET	0
James	WET	0
James	WET	0
James	WET	0
James	WET	0
James	WET	0
Jason	WET	0
Jerold	WET	0
Jerome	WET	0
Jerry	WET	0
Joel	WET	0
John	WET	0
John	WET	0
John	WET	0
John	WET	0
John	WET	0
Johnny	WET	0
Jon	WET	0
Jonathan	WET	0
Jonathan	WET	0
Joseph	WET	0
Juan	WET	0
Kenneth	WET	0
Kenny	WET	0
Kevin	WET	0
Kris	WET	0
Larry	WET	0
Larry	WET	0
Leon	WET	0
Louis	WET	0
Luis	WET	0
Mark	WET	0
Mathew	WET	0
Michael	WET	0
Michael	WET	0
Michael	WET	0
Michael	WET	0
Michael	WET	0
Micheal	WET	0
Millard	WET	0
Patrick	WET	0
Peter	WET	0
Phillip	WET	0
Preston	WET	0
Quentin	WET	0
Ralph	WET	0
Reginald	WET	0
Richard	WET	0
Richard	WET	0
Robert	WET	0
Robert	WET	0
Robert	WET	0
Robert	WET	0
Robert	WET	0
Roberto	WET	0
Roger	WET	0
Ron	WET	0
Ronald	WET	0
Russell	WET	0
Stanley	WET	0
Stephen	WET	0
Steve	WET	0
Steven	WET	0
Steven	WET	0
Terry	WET	0
Tim	WET	0
Todd	WET	0
Tracy	WET	0
Victor	WET	0
Vincent	WET	0
Wallace	WET	0
Wilbur	WET	0
William	WET	0
Williams	WET	0
Zachary	WET	0
SCOREBOARD:
Michael	DRY	2
David	DRY	1
Floyd	DRY	1
George	DRY	1
Johnny	DRY	1
Rodney	DRY	1
Russell	DRY	1
Wesley	DRY	1
Arturo	DRY	0
Austin	DRY	0
Cesar	DRY	0
Craig	DRY	0
David	DRY	0
Douglas	DRY	0
Ernest	DRY	0
Frank	DRY	0
Frank	DRY	0
George	DRY	0
Harold	DRY	0
Howard	DRY	0
James	DRY	0
Jim	DRY	0
John	DRY	0
Jonathan	DRY	0
Leon	DRY	0
Lester	DRY	0
Marc	DRY	0
Mark	DRY	0
Mark	DRY	0
Michael	DRY	0
Nicholas	DRY	0
Noel	DRY	0
Norman	DRY	0
Orlando	DRY	0
Ralph	DRY	0
Ramon	DRY	0
Reuben	DRY	0
Robert	DRY	0
Robert	DRY	0
Ronald	DRY	0
Theodore	DRY	0
Thomas	DRY	0
Walter	DRY	0
William	DRY	0
Willie	DRY	0
Wm	DRY	0
Zachary	DRY	0
Brian	WET	1
James	WET	1
John	WET	1
Marcelino	WET	1
Martin	WET	1
Michael	WET	1
Ronald	WET	1
Russell	WET	1
Aaron	WET	0
Aaron	WET	0
Albert	WET	0
Anthony	WET	0
Anthony	WET	0
Arthur	WET	0
Barney	WET	0
Ben	WET	0
Benjamin	WET	0
Benjamin	WET	0
Brandon	WET	0
Charles	WET	0
Chester	WET	0
Chris	WET	0
Christopher	WET	0
Christopher	WET	0
Christopher	WET	0
Clarence	WET	0
Clifford	WET	0
Cody	WET	0
Corey	WET	0
Dallas	WET	0
Daniel	WET	0
Darryl	WET	0
David	WET	0
David	WET	0
David	WET	0
David	WET	0
Donald	WET	0
Donald	WET	0
Donald	WET	0
Donald	WET	0
Donny	WET	0
Duane	WET	0
Edgar	WET	0
Edward	WET	0
Edward	WET	0
Elliott	WET	0
Eric	WET	0
Florencio	WET	0
Francis	WET	0
Francis	WET	0
Francisco	WET	0
Frank	WET	0
Garrett	WET	0
Gary	WET	0
Gary	WET	0
George	WET	0
George	WET	0
Glen	WET	0
Howard	WET	0
Irvin	WET	0
Isidro	WET	0
Jack	WET	0
James	WET	0
James	WET	0
James	WET	0
James	WET	0
James	WET	0
James	WET	0
James	WET	0
James	WET	0
Jason	WET	0
Jerold	WET	0
Jerome	WET	0
Jerry	WET	0
Joel	WET	0
John	WET	0
John	WET	0
John	WET	0
John	WET	0
John	WET	0
Johnny	WET	0
Jon	WET	0
Jonathan	WET	0
Jonathan	WET	0
Joseph	WET	0
Juan	WET	0
Kenneth	WET	0
Kenny	WET	0
Kevin	WET	0
Kris	WET	0
Larry	WET	0
Larry	WET	0
Leon	WET	0
Louis	WET	0
Luis	WET	0
Mark	WET	0
Mathew	WET	0
Michael	WET	0
Michael	WET	0
Michael	WET	0
Michael	WET	0
Michael	WET	0
Micheal	WET	0
Millard	WET	0
Patrick	WET	0
Peter	WET	0
Phillip	WET	0
Preston	WET	0
Quentin	WET	0
Ralph	WET	0
Reginald	WET	0
Richard	WET	0
Richard	WET	0
Robert	WET	0
Robert	WET	0
Robert	WET	0
Robert	WET	0
Robert	WET	0
Roberto	WET	0
Roger	WET	0
Ron	WET	0
Ronald	WET	0
Russell	WET	0
Stanley	WET	0
Stephen	WET	0
Steve	WET	0
Steven	WET	0
Steven	WET	0
Terry	WET	0
Tim	WET	0
Todd	WET	0
Tracy	WET	0
Victor	WET	0
Vincent	WET	0
Wallace	WET	0
Wilbur	WET	0
William	WET	0
Williams	WET	0
Zachary	WET	0
Zachary fell off the glacier.
Mark sent David back home.
